Archive member included to satisfy reference by file (symbol)

/opt/st/stm32cubeide_2.0.0/plugins/com.st.stm32cube.ide.mcu.externaltools.gnu-tools-for-stm32.13.3.rel1.linux64_1.0.100.202509120712/tools/bin/../lib/gcc/arm-none-eabi/13.3.1/../../../../arm-none-eabi/lib/thumb/v7e-m+fp/hard/libstdc++_nano.a(del_ops.o)
                              ./Core/Src/application.o (operator delete(void*, unsigned int))
/opt/st/stm32cubeide_2.0.0/plugins/com.st.stm32cube.ide.mcu.externaltools.gnu-tools-for-stm32.13.3.rel1.linux64_1.0.100.202509120712/tools/bin/../lib/gcc/arm-none-eabi/13.3.1/../../../../arm-none-eabi/lib/thumb/v7e-m+fp/hard/libstdc++_nano.a(guard.o)
                              ./Core/Src/application.o (__cxa_guard_acquire)
/opt/st/stm32cubeide_2.0.0/plugins/com.st.stm32cube.ide.mcu.externaltools.gnu-tools-for-stm32.13.3.rel1.linux64_1.0.100.202509120712/tools/bin/../lib/gcc/arm-none-eabi/13.3.1/../../../../arm-none-eabi/lib/thumb/v7e-m+fp/hard/libc_nano.a(libc_a-atexit.o)
                              ./Core/Src/application.o (atexit)
/opt/st/stm32cubeide_2.0.0/plugins/com.st.stm32cube.ide.mcu.externaltools.gnu-tools-for-stm32.13.3.rel1.linux64_1.0.100.202509120712/tools/bin/../lib/gcc/arm-none-eabi/13.3.1/../../../../arm-none-eabi/lib/thumb/v7e-m+fp/hard/libc_nano.a(libc_a-exit.o)
                              /opt/st/stm32cubeide_2.0.0/plugins/com.st.stm32cube.ide.mcu.externaltools.gnu-tools-for-stm32.13.3.rel1.linux64_1.0.100.202509120712/tools/bin/../lib/gcc/arm-none-eabi/13.3.1/../../../../arm-none-eabi/lib/thumb/v7e-m+fp/hard/crt0.o (exit)
/opt/st/stm32cubeide_2.0.0/plugins/com.st.stm32cube.ide.mcu.externaltools.gnu-tools-for-stm32.13.3.rel1.linux64_1.0.100.202509120712/tools/bin/../lib/gcc/arm-none-eabi/13.3.1/../../../../arm-none-eabi/lib/thumb/v7e-m+fp/hard/libc_nano.a(libc_a-findfp.o)
                              /opt/st/stm32cubeide_2.0.0/plugins/com.st.stm32cube.ide.mcu.externaltools.gnu-tools-for-stm32.13.3.rel1.linux64_1.0.100.202509120712/tools/bin/../lib/gcc/arm-none-eabi/13.3.1/../../../../arm-none-eabi/lib/thumb/v7e-m+fp/hard/libc_nano.a(libc_a-exit.o) (__stdio_exit_handler)
/opt/st/stm32cubeide_2.0.0/plugins/com.st.stm32cube.ide.mcu.externaltools.gnu-tools-for-stm32.13.3.rel1.linux64_1.0.100.202509120712/tools/bin/../lib/gcc/arm-none-eabi/13.3.1/../../../../arm-none-eabi/lib/thumb/v7e-m+fp/hard/libc_nano.a(libc_a-fwalk.o)
                              /opt/st/stm32cubeide_2.0.0/plugins/com.st.stm32cube.ide.mcu.externaltools.gnu-tools-for-stm32.13.3.rel1.linux64_1.0.100.202509120712/tools/bin/../lib/gcc/arm-none-eabi/13.3.1/../../../../arm-none-eabi/lib/thumb/v7e-m+fp/hard/libc_nano.a(libc_a-findfp.o) (_fwalk_sglue)
/opt/st/stm32cubeide_2.0.0/plugins/com.st.stm32cube.ide.mcu.externaltools.gnu-tools-for-stm32.13.3.rel1.linux64_1.0.100.202509120712/tools/bin/../lib/gcc/arm-none-eabi/13.3.1/../../../../arm-none-eabi/lib/thumb/v7e-m+fp/hard/libc_nano.a(libc_a-printf.o)
                              ./Core/Src/application.o (printf)
/opt/st/stm32cubeide_2.0.0/plugins/com.st.stm32cube.ide.mcu.externaltools.gnu-tools-for-stm32.13.3.rel1.linux64_1.0.100.202509120712/tools/bin/../lib/gcc/arm-none-eabi/13.3.1/../../../../arm-none-eabi/lib/thumb/v7e-m+fp/hard/libc_nano.a(libc_a-puts.o)
                              ./Core/Src/application.o (puts)
/opt/st/stm32cubeide_2.0.0/plugins/com.st.stm32cube.ide.mcu.externaltools.gnu-tools-for-stm32.13.3.rel1.linux64_1.0.100.202509120712/tools/bin/../lib/gcc/arm-none-eabi/13.3.1/../../../../arm-none-eabi/lib/thumb/v7e-m+fp/hard/libc_nano.a(libc_a-stdio.o)
                              /opt/st/stm32cubeide_2.0.0/plugins/com.st.stm32cube.ide.mcu.externaltools.gnu-tools-for-stm32.13.3.rel1.linux64_1.0.100.202509120712/tools/bin/../lib/gcc/arm-none-eabi/13.3.1/../../../../arm-none-eabi/lib/thumb/v7e-m+fp/hard/libc_nano.a(libc_a-findfp.o) (__sread)
/opt/st/stm32cubeide_2.0.0/plugins/com.st.stm32cube.ide.mcu.externaltools.gnu-tools-for-stm32.13.3.rel1.linux64_1.0.100.202509120712/tools/bin/../lib/gcc/arm-none-eabi/13.3.1/../../../../arm-none-eabi/lib/thumb/v7e-m+fp/hard/libc_nano.a(libc_a-wbuf.o)
                              /opt/st/stm32cubeide_2.0.0/plugins/com.st.stm32cube.ide.mcu.externaltools.gnu-tools-for-stm32.13.3.rel1.linux64_1.0.100.202509120712/tools/bin/../lib/gcc/arm-none-eabi/13.3.1/../../../../arm-none-eabi/lib/thumb/v7e-m+fp/hard/libc_nano.a(libc_a-puts.o) (__swbuf_r)
/opt/st/stm32cubeide_2.0.0/plugins/com.st.stm32cube.ide.mcu.externaltools.gnu-tools-for-stm32.13.3.rel1.linux64_1.0.100.202509120712/tools/bin/../lib/gcc/arm-none-eabi/13.3.1/../../../../arm-none-eabi/lib/thumb/v7e-m+fp/hard/libc_nano.a(libc_a-wsetup.o)
                              /opt/st/stm32cubeide_2.0.0/plugins/com.st.stm32cube.ide.mcu.externaltools.gnu-tools-for-stm32.13.3.rel1.linux64_1.0.100.202509120712/tools/bin/../lib/gcc/arm-none-eabi/13.3.1/../../../../arm-none-eabi/lib/thumb/v7e-m+fp/hard/libc_nano.a(libc_a-puts.o) (__swsetup_r)
[...]
Memory Configuration

Name             Origin             Length             Attributes
RAM              0x20000000         0x00018000         xrw
RAM2             0x10000000         0x00008000         xrw
FLASH            0x08000000         0x00100000         xr
*default*        0x00000000         0xffffffff

Linker script and memory map

LOAD /opt/st/stm32cubeide_2.0.0/plugins/com.st.stm32cube.ide.mcu.externaltools.gnu-tools-for-stm32.13.3.rel1.linux64_1.0.100.202509120712/tools/bin/../lib/gcc/arm-none-eabi/13.3.1/thumb/v7e-m+fp/hard/crti.o
LOAD /opt/st/stm32cubeide_2.0.0/plugins/com.st.stm32cube.ide.mcu.externaltools.gnu-tools-for-stm32.13.3.rel1.linux64_1.0.100.202509120712/tools/bin/../lib/gcc/arm-none-eabi/13.3.1/thumb/v7e-m+fp/hard/crtbegin.o
LOAD /opt/st/stm32cubeide_2.0.0/plugins/com.st.stm32cube.ide.mcu.externaltools.gnu-tools-for-stm32.13.3.rel1.linux64_1.0.100.202509120712/tools/bin/../lib/gcc/arm-none-eabi/13.3.1/../../../../arm-none-eabi/lib/thumb/v7e-m+fp/hard/crt0.o
LOAD ./Core/Src/application.o
LOAD ./Core/Src/freertos.o
LOAD ./Core/Src/main.o
LOAD ./Core/Src/stm32l4xx_hal_msp.o
LOAD ./Core/Src/stm32l4xx_hal_timebase_tim.o
LOAD ./Core/Src/stm32l4xx_it.o
LOAD ./Core/Src/syscalls.o
LOAD ./Core/Src/sysmem.o
LOAD ./Core/Src/system_stm32l4xx.o
LOAD ./Core/Startup/startup_stm32l475vgtx.o
LOAD ./Drivers/STM32L4xx_HAL_Driver/Src/stm32l4xx_hal.o
LOAD ./Drivers/STM32L4xx_HAL_Driver/Src/stm32l4xx_hal_cortex.o
LOAD ./Drivers/STM32L4xx_HAL_Driver/Src/stm32l4xx_hal_dfsdm.o
LOAD ./Drivers/STM32L4xx_HAL_Driver/Src/stm32l4xx_hal_dma.o
LOAD ./Drivers/STM32L4xx_HAL_Driver/Src/stm32l4xx_hal_dma_ex.o
LOAD ./Drivers/STM32L4xx_HAL_Driver/Src/stm32l4xx_hal_exti.o
LOAD ./Drivers/STM32L4xx_HAL_Driver/Src/stm32l4xx_hal_flash.o
LOAD ./Drivers/STM32L4xx_HAL_Driver/Src/stm32l4xx_hal_flash_ex.o
LOAD ./Drivers/STM32L4xx_HAL_Driver/Src/stm32l4xx_hal_flash_ramfunc.o
LOAD ./Drivers/STM32L4xx_HAL_Driver/Src/stm32l4xx_hal_gpio.o
LOAD ./Drivers/STM32L4xx_HAL_Driver/Src/stm32l4xx_hal_i2c.o
LOAD ./Drivers/STM32L4xx_HAL_Driver/Src/stm32l4xx_hal_i2c_ex.o
LOAD ./Drivers/STM32L4xx_HAL_Driver/Src/stm32l4xx_hal_pcd.o
LOAD ./Drivers/STM32L4xx_HAL_Driver/Src/stm32l4xx_hal_pcd_ex.o
LOAD ./Drivers/STM32L4xx_HAL_Driver/Src/stm32l4xx_hal_pwr.o
LOAD ./Drivers/STM32L4xx_HAL_Driver/Src/stm32l4xx_hal_pwr_ex.o
LOAD ./Drivers/STM32L4xx_HAL_Driver/Src/stm32l4xx_hal_qspi.o
LOAD ./Drivers/STM32L4xx_HAL_Driver/Src/stm32l4xx_hal_rcc.o
LOAD ./Drivers/STM32L4xx_HAL_Driver/Src/stm32l4xx_hal_rcc_ex.o
LOAD ./Drivers/STM32L4xx_HAL_Driver/Src/stm32l4xx_hal_spi.o
LOAD ./Drivers/STM32L4xx_HAL_Driver/Src/stm32l4xx_hal_spi_ex.o
LOAD ./Drivers/STM32L4xx_HAL_Driver/Src/stm32l4xx_hal_tim.o
LOAD ./Drivers/STM32L4xx_HAL_Driver/Src/stm32l4xx_hal_tim_ex.o
LOAD ./Drivers/STM32L4xx_HAL_Driver/Src/stm32l4xx_hal_uart.o
LOAD ./Drivers/STM32L4xx_HAL_Driver/Src/stm32l4xx_hal_uart_ex.o
LOAD ./Drivers/STM32L4xx_HAL_Driver/Src/stm32l4xx_ll_usb.o
LOAD ./Middlewares/Third_Party/FreeRTOS/Source/CMSIS_RTOS_V2/cmsis_os2.o
LOAD ./Middlewares/Third_Party/FreeRTOS/Source/croutine.o
LOAD ./Middlewares/Third_Party/FreeRTOS/Source/event_groups.o
LOAD ./Middlewares/Third_Party/FreeRTOS/Source/list.o
LOAD ./Middlewares/Third_Party/FreeRTOS/Source/queue.o
LOAD ./Middlewares/Third_Party/FreeRTOS/Source/stream_buffer.o
LOAD ./Middlewares/Third_Party/FreeRTOS/Source/tasks.o
LOAD ./Middlewares/Third_Party/FreeRTOS/Source/timers.o
LOAD ./Middlewares/Third_Party/FreeRTOS/Source/portable/GCC/ARM_CM4F/port.o
LOAD ./Middlewares/Third_Party/FreeRTOS/Source/portable/MemMang/heap_4.o
LOAD ./lib/CSP4CMSIS/src/alt_channel_sync.o
LOAD ./lib/CSP4CMSIS/src/alternative.o
LOAD ./lib/CSP4CMSIS/src/barrier.o
LOAD ./lib/CSP4CMSIS/src/buffered_channel.o
LOAD ./lib/CSP4CMSIS/src/channel_sync.o
LOAD ./lib/CSP4CMSIS/src/csp_wrapper.o
LOAD ./lib/CSP4CMSIS/src/glue.o
LOAD ./lib/CSP4CMSIS/src/kernel.o
LOAD ./lib/CSP4CMSIS/src/sync_channel.o
START GROUP
LOAD /opt/st/stm32cubeide_2.0.0/plugins/com.st.stm32cube.ide.mcu.externaltools.gnu-tools-for-stm32.13.3.rel1.linux64_1.0.100.202509120712/tools/bin/../lib/gcc/arm-none-eabi/13.3.1/../../../../arm-none-eabi/lib/thumb/v7e-m+fp/hard/libstdc++_nano.a
LOAD /opt/st/stm32cubeide_2.0.0/plugins/com.st.stm32cube.ide.mcu.externaltools.gnu-tools-for-stm32.13.3.rel1.linux64_1.0.100.202509120712/tools/bin/../lib/gcc/arm-none-eabi/13.3.1/../../../../arm-none-eabi/lib/thumb/v7e-m+fp/hard/libsupc++_nano.a
END GROUP
LOAD /opt/st/stm32cubeide_2.0.0/plugins/com.st.stm32cube.ide.mcu.externaltools.gnu-tools-for-stm32.13.3.rel1.linux64_1.0.100.202509120712/tools/bin/../lib/gcc/arm-none-eabi/13.3.1/../../../../arm-none-eabi/lib/thumb/v7e-m+fp/hard/libstdc++_nano.a
LOAD /opt/st/stm32cubeide_2.0.0/plugins/com.st.stm32cube.ide.mcu.externaltools.gnu-tools-for-stm32.13.3.rel1.linux64_1.0.100.202509120712/tools/bin/../lib/gcc/arm-none-eabi/13.3.1/../../../../arm-none-eabi/lib/thumb/v7e-m+fp/hard/libm.a
LOAD /opt/st/stm32cubeide_2.0.0/plugins/com.st.stm32cube.ide.mcu.externaltools.gnu-tools-for-stm32.13.3.rel1.linux64_1.0.100.202509120712/tools/bin/../lib/gcc/arm-none-eabi/13.3.1/../../../../arm-none-eabi/lib/thumb/v7e-m+fp/hard/libc_nano.a
START GROUP
LOAD /opt/st/stm32cubeide_2.0.0/plugins/com.st.stm32cube.ide.mcu.externaltools.gnu-tools-for-stm32.13.3.rel1.linux64_1.0.100.202509120712/tools/bin/../lib/gcc/arm-none-eabi/13.3.1/thumb/v7e-m+fp/hard/libgcc.a
LOAD /opt/st/stm32cubeide_2.0.0/plugins/com.st.stm32cube.ide.mcu.externaltools.gnu-tools-for-stm32.13.3.rel1.linux64_1.0.100.202509120712/tools/bin/../lib/gcc/arm-none-eabi/13.3.1/../../../../arm-none-eabi/lib/thumb/v7e-m+fp/hard/libc_nano.a
END GROUP
START GROUP
LOAD /opt/st/stm32cubeide_2.0.0/plugins/com.st.stm32cube.ide.mcu.externaltools.gnu-tools-for-stm32.13.3.rel1.linux64_1.0.100.202509120712/tools/bin/../lib/gcc/arm-none-eabi/13.3.1/thumb/v7e-m+fp/hard/libgcc.a
LOAD /opt/st/stm32cubeide_2.0.0/plugins/com.st.stm32cube.ide.mcu.externaltools.gnu-tools-for-stm32.13.3.rel1.linux64_1.0.100.202509120712/tools/bin/../lib/gcc/arm-none-eabi/13.3.1/../../../../arm-none-eabi/lib/thumb/v7e-m+fp/hard/libc_nano.a
END GROUP
LOAD /opt/st/stm32cubeide_2.0.0/plugins/com.st.stm32cube.ide.mcu.externaltools.gnu-tools-for-stm32.13.3.rel1.linux64_1.0.100.202509120712/tools/bin/../lib/gcc/arm-none-eabi/13.3.1/thumb/v7e-m+fp/hard/crtend.o
LOAD /opt/st/stm32cubeide_2.0.0/plugins/com.st.stm32cube.ide.mcu.externaltools.gnu-tools-for-stm32.13.3.rel1.linux64_1.0.100.202509120712/tools/bin/../lib/gcc/arm-none-eabi/13.3.1/thumb/v7e-m+fp/hard/crtn.o
                0x20018000                        _estack = (ORIGIN (RAM) + LENGTH (RAM))
                0x00000200                        _Min_Heap_Size = 0x200
                0x00000400                        _Min_Stack_Size = 0x400

.isr_vector     0x08000000      0x188
                0x08000000                        . = ALIGN (0x4)
 *(.isr_vector)
 .isr_vector    0x08000000      0x188 ./Core/Startup/startup_stm32l475vgtx.o
                0x08000000                g_pfnVectors
                0x08000188                        . = ALIGN (0x4)

.text           0x08000190     0xbad4
                0x08000190                        . = ALIGN (0x4)
 *(.text)
 .text          0x08000190       0x40 /opt/st/stm32cubeide_2.0.0/plugins/com.st.stm32cube.ide.mcu.externaltools.gnu-tools-for-stm32.13.3.rel1.linux64_1.0.100.202509120712/tools/bin/../lib/gcc/arm-none-eabi/13.3.1/thumb/v7e-m+fp/hard/crtbegin.o
 .text          0x080001d0       0xa0 /opt/st/stm32cubeide_2.0.0/plugins/com.st.stm32cube.ide.mcu.externaltools.gnu-tools-for-stm32.13.3.rel1.linux64_1.0.100.202509120712/tools/bin/../lib/gcc/arm-none-eabi/13.3.1/../../../../arm-none-eabi/lib/thumb/v7e-m+fp/hard/libc_nano.a(libc_a-memchr.o)
                0x080001d0                memchr
 .text          0x08000270       0x30 /opt/st/stm32cubeide_2.0.0/plugins/com.st.stm32cube.ide.mcu.externaltools.gnu-tools-for-stm32.13.3.rel1.linux64_1.0.100.202509120712/tools/bin/../lib/gcc/arm-none-eabi/13.3.1/thumb/v7e-m+fp/hard/libgcc.a(_aeabi_uldivmod.o)
                0x08000270                __aeabi_uldivmod
 .text          0x080002a0      0x2f8 /opt/st/stm32cubeide_2.0.0/plugins/com.st.stm32cube.ide.mcu.externaltools.gnu-tools-for-stm32.13.3.rel1.linux64_1.0.100.202509120712/tools/bin/../lib/gcc/arm-none-eabi/13.3.1/thumb/v7e-m+fp/hard/libgcc.a(_udivmoddi4.o)
                0x080002a0                __udivmoddi4
 .text          0x08000598        0x4 /opt/st/stm32cubeide_2.0.0/plugins/com.st.stm32cube.ide.mcu.externaltools.gnu-tools-for-stm32.13.3.rel1.linux64_1.0.100.202509120712/tools/bin/../lib/gcc/arm-none-eabi/13.3.1/thumb/v7e-m+fp/hard/libgcc.a(_dvmd_tls.o)
                0x08000598                __aeabi_ldiv0
                0x08000598                __aeabi_idiv0
 *(.text*)
 .text._ZNK3csp9CSProcess4nameEv
                0x0800059c       0x1c ./Core/Src/application.o
                0x0800059c                csp::CSProcess::name() const
 .text._ZN3csp9CSProcess10endProcessEv
                0x080005b8       0x14 ./Core/Src/application.o
                0x080005b8                csp::CSProcess::endProcess()
 .text._ZN3csp8internal15AltChanSyncBase14clearWaitingInEv
                0x080005cc       0x20 ./Core/Src/application.o
                0x080005cc                csp::internal::AltChanSyncBase::clearWaitingIn()
 .text._ZN3csp8internal15AltChanSyncBase8getMutexEv
                0x080005ec       0x18 ./Core/Src/application.o
                0x080005ec                csp::internal::AltChanSyncBase::getMutex()
 .text._ZNK3csp8internal15AltChanSyncBase16getWaitingInTaskEv
                0x08000604       0x18 ./Core/Src/application.o
                0x08000604                csp::internal::AltChanSyncBase::getWaitingInTask() const
 .text._ZNK3csp8internal15AltChanSyncBase17getWaitingOutTaskEv
                0x0800061c       0x18 ./Core/Src/application.o
                0x0800061c                csp::internal::AltChanSyncBase::getWaitingOutTask() const
 .text._ZNK3csp8internal15AltChanSyncBase18getNonAltInDataPtrEv
                0x08000634       0x18 ./Core/Src/application.o
                0x08000634                csp::internal::AltChanSyncBase::getNonAltInDataPtr() const
 .text._ZNK3csp8internal15AltChanSyncBase17getAltInSchedulerEv
                0x0800064c       0x18 ./Core/Src/application.o
                0x0800064c                csp::internal::AltChanSyncBase::getAltInScheduler() const
 .text._ZNK3csp8internal15AltChanSyncBase11getAltInBitEv
                0x08000664       0x18 ./Core/Src/application.o
                0x08000664                csp::internal::AltChanSyncBase::getAltInBit() const
 .text._ZNK3csp8internal15AltChanSyncBase18getAltOutSchedulerEv
                0x0800067c       0x18 ./Core/Src/application.o
                0x0800067c                csp::internal::AltChanSyncBase::getAltOutScheduler() const
 .text._ZNK3csp8internal15AltChanSyncBase12getAltOutBitEv
                0x08000694       0x18 ./Core/Src/application.o
                0x08000694                csp::internal::AltChanSyncBase::getAltOutBit() const
 .text._ZN3csp8internal5GuardC2Ev
                0x080006ac       0x20 ./Core/Src/application.o
                0x080006ac                csp::internal::Guard::Guard()
                0x080006ac                csp::internal::Guard::Guard()
 .text._ZN3csp8internal5GuardD2Ev
                0x080006cc       0x20 ./Core/Src/application.o
                0x080006cc                csp::internal::Guard::~Guard()
                0x080006cc                csp::internal::Guard::~Guard()
 .text._ZN3csp8internal5GuardD0Ev
                0x080006ec       0x20 ./Core/Src/application.o
                0x080006ec                csp::internal::Guard::~Guard()
 .text._ZN3csp8internal11ChanInGuardC2EPNS0_15AltChanSyncBaseEPvj
                0x0800070c       0x3c ./Core/Src/application.o
                0x0800070c                csp::internal::ChanInGuard::ChanInGuard(csp::internal::AltChanSyncBase*, void*, unsigned int)
                0x0800070c                csp::internal::ChanInGuard::ChanInGuard(csp::internal::AltChanSyncBase*, void*, unsigned int)
 .text._ZN3csp8internal11ChanInGuard12updateBufferEPv
                0x08000748       0x1c ./Core/Src/application.o
                0x08000748                csp::internal::ChanInGuard::updateBuffer(void*)
 .text._ZN3csp8internal12ChanOutGuardC2EPNS0_15AltChanSyncBaseEPKvj
                0x08000764       0x3c ./Core/Src/application.o
                0x08000764                csp::internal::ChanOutGuard::ChanOutGuard(csp::internal::AltChanSyncBase*, void const*, unsigned int)
                0x08000764                csp::internal::ChanOutGuard::ChanOutGuard(csp::internal::AltChanSyncBase*, void const*, unsigned int)
 .text._ZN3csp8internal12ChanOutGuard12updateBufferEPKv
                0x080007a0       0x1c ./Core/Src/application.o
                0x080007a0                csp::internal::ChanOutGuard::updateBuffer(void const*)
 .text._ZN3csp9CSProcessC2Ev
                0x080007bc       0x20 ./Core/Src/application.o
                0x080007bc                csp::CSProcess::CSProcess()
                0x080007bc                csp::CSProcess::CSProcess()
 .text._ZN3csp9CSProcessD2Ev
                0x080007dc       0x20 ./Core/Src/application.o
                0x080007dc                csp::CSProcess::~CSProcess()
                0x080007dc                csp::CSProcess::~CSProcess()
 .text._ZN3csp9CSProcessD0Ev
                0x080007fc       0x20 ./Core/Src/application.o
                0x080007fc                csp::CSProcess::~CSProcess()
 .text._ZN14CountingSenderC2EN3csp7ChanoutIiEE
                0x0800081c       0x2c ./Core/Src/application.o
                0x0800081c                CountingSender::CountingSender(csp::Chanout<int>)
                0x0800081c                CountingSender::CountingSender(csp::Chanout<int>)
 .text._ZN14CountingSender3runEv
                0x08000848       0x4c ./Core/Src/application.o
                0x08000848                CountingSender::run()
 .text._ZN5RelayC2EN3csp6ChaninIiEENS0_7ChanoutIiEEi
                0x08000894       0x3c ./Core/Src/application.o
                0x08000894                Relay::Relay(csp::Chanin<int>, csp::Chanout<int>, int)
                0x08000894                Relay::Relay(csp::Chanin<int>, csp::Chanout<int>, int)
 .text._ZN5Relay3runEv
                0x080008d0       0x2c ./Core/Src/application.o
                0x080008d0                Relay::run()
 .text._ZN15CheckerReceiverC2EN3csp6ChaninIiEE
                0x080008fc       0x2c ./Core/Src/application.o
                0x080008fc                CheckerReceiver::CheckerReceiver(csp::Chanin<int>)
                0x080008fc                CheckerReceiver::CheckerReceiver(csp::Chanin<int>)
 .text._ZN15CheckerReceiver3runEv
                0x08000928       0xa4 ./Core/Src/application.o
                0x08000928                CheckerReceiver::run()
 .text._ZN3csp8internal8BaseChanIiED2Ev
                0x080009cc       0x20 ./Core/Src/application.o
                0x080009cc                csp::internal::BaseChan<int>::~BaseChan()
                0x080009cc                csp::internal::BaseChan<int>::~BaseChan()
 .text._ZN3csp8internal8BaseChanIiED0Ev
                0x080009ec       0x20 ./Core/Src/application.o
                0x080009ec                csp::internal::BaseChan<int>::~BaseChan()
 .text._ZN3csp8internal11BaseAltChanIiED2Ev
                0x08000a0c       0x24 ./Core/Src/application.o
                0x08000a0c                csp::internal::BaseAltChan<int>::~BaseAltChan()
                0x08000a0c                csp::internal::BaseAltChan<int>::~BaseAltChan()
 .text._ZN3csp8internal11BaseAltChanIiED0Ev
                0x08000a30       0x20 ./Core/Src/application.o
                0x08000a30                csp::internal::BaseAltChan<int>::~BaseAltChan()
 .text._ZN3csp8internal11ChanInGuardD2Ev
                0x08000a50       0x24 ./Core/Src/application.o
                0x08000a50                csp::internal::ChanInGuard::~ChanInGuard()
                0x08000a50                csp::internal::ChanInGuard::~ChanInGuard()
 .text._ZN3csp8internal11ChanInGuardD0Ev
                0x08000a74       0x20 ./Core/Src/application.o
                0x08000a74                csp::internal::ChanInGuard::~ChanInGuard()
 .text._ZN3csp8internal12ChanOutGuardD2Ev
                0x08000a94       0x24 ./Core/Src/application.o
                0x08000a94                csp::internal::ChanOutGuard::~ChanOutGuard()
                0x08000a94                csp::internal::ChanOutGuard::~ChanOutGuard()
 .text._ZN3csp8internal12ChanOutGuardD0Ev
                0x08000ab8       0x20 ./Core/Src/application.o
                0x08000ab8                csp::internal::ChanOutGuard::~ChanOutGuard()
 .text._ZN3csp8internal17RendezvousChannelIiLNS_12BufferPolicyE0EED2Ev
                0x08000ad8       0x44 ./Core/Src/application.o
                0x08000ad8                csp::internal::RendezvousChannel<int, (csp::BufferPolicy)0>::~RendezvousChannel()
                0x08000ad8                csp::internal::RendezvousChannel<int, (csp::BufferPolicy)0>::~RendezvousChannel()
 .text._ZN3csp8internal17RendezvousChannelIiLNS_12BufferPolicyE0EED0Ev
                0x08000b1c       0x20 ./Core/Src/application.o
                0x08000b1c                csp::internal::RendezvousChannel<int, (csp::BufferPolicy)0>::~RendezvousChannel()
 .text._ZN3csp15SamplingChannelIiLNS_12BufferPolicyE0EEC2Ev
                0x08000b3c       0x1a ./Core/Src/application.o
                0x08000b3c                csp::SamplingChannel<int, (csp::BufferPolicy)0>::SamplingChannel()
                0x08000b3c                csp::SamplingChannel<int, (csp::BufferPolicy)0>::SamplingChannel()
 .text._ZN3csp15SamplingChannelIiLNS_12BufferPolicyE0EED2Ev
                0x08000b56       0x1a ./Core/Src/application.o
                0x08000b56                csp::SamplingChannel<int, (csp::BufferPolicy)0>::~SamplingChannel()
                0x08000b56                csp::SamplingChannel<int, (csp::BufferPolicy)0>::~SamplingChannel()
 .text.__tcf_0  0x08000b70       0x20 ./Core/Src/application.o
 .text._ZN14CountingSenderD2Ev
                0x08000b90       0x24 ./Core/Src/application.o
                0x08000b90                CountingSender::~CountingSender()
                0x08000b90                CountingSender::~CountingSender()
 .text._ZN14CountingSenderD0Ev
                0x08000bb4       0x20 ./Core/Src/application.o
                0x08000bb4                CountingSender::~CountingSender()
 .text.__tcf_1  0x08000bd4       0x10 ./Core/Src/application.o
 .text._ZN15CheckerReceiverD2Ev
                0x08000be4       0x24 ./Core/Src/application.o
                0x08000be4                CheckerReceiver::~CheckerReceiver()
                0x08000be4                CheckerReceiver::~CheckerReceiver()
 .text._ZN15CheckerReceiverD0Ev
                0x08000c08       0x20 ./Core/Src/application.o
                0x08000c08                CheckerReceiver::~CheckerReceiver()
 .text.__tcf_2  0x08000c28       0x10 ./Core/Src/application.o
 .text._ZN5RelayD2Ev
                0x08000c38       0x24 ./Core/Src/application.o
                0x08000c38                Relay::~Relay()
                0x08000c38                Relay::~Relay()
 .text._ZN5RelayD0Ev
                0x08000c5c       0x20 ./Core/Src/application.o
                0x08000c5c                Relay::~Relay()
 .text.__tcf_3  0x08000c7c       0x24 ./Core/Src/application.o
 .text._Z12MainApp_TaskPv
                0x08000ca0      0x254 ./Core/Src/application.o
                0x08000ca0                MainApp_Task(void*)
 .text.csp_app_main_init
                0x08000ef4       0x40 ./Core/Src/application.o
                0x08000ef4                csp_app_main_init
 .text._ZN3csp7ChanoutIiElsERKi
                0x08000f34       0x26 ./Core/Src/application.o
                0x08000f34                csp::Chanout<int>::operator<<(int const&)
 .text._ZN3csp6ChaninIiErsERi
                0x08000f5a       0x26 ./Core/Src/application.o
                0x08000f5a                csp::Chanin<int>::operator>>(int&)
 .text._ZN3csp8internal8BaseChanIiEC2Ev
                0x08000f80       0x20 ./Core/Src/application.o
                0x08000f80                csp::internal::BaseChan<int>::BaseChan()
                0x08000f80                csp::internal::BaseChan<int>::BaseChan()
 .text._ZN3csp8internal11BaseAltChanIiEC2Ev
                0x08000fa0       0x24 ./Core/Src/application.o
                0x08000fa0                csp::internal::BaseAltChan<int>::BaseAltChan()
                0x08000fa0                csp::internal::BaseAltChan<int>::BaseAltChan()
 .text._ZN3csp8internal17RendezvousChannelIiLNS_12BufferPolicyE0EEC2Ev
                0x08000fc4       0x54 ./Core/Src/application.o
                0x08000fc4                csp::internal::RendezvousChannel<int, (csp::BufferPolicy)0>::RendezvousChannel()
                0x08000fc4                csp::internal::RendezvousChannel<int, (csp::BufferPolicy)0>::RendezvousChannel()
 .text._ZN3csp15SamplingChannelIiLNS_12BufferPolicyE0EE6writerEv
                0x08001018       0x20 ./Core/Src/application.o
                0x08001018                csp::SamplingChannel<int, (csp::BufferPolicy)0>::writer()
 .text._ZN3csp15SamplingChannelIiLNS_12BufferPolicyE0EE6readerEv
                0x08001038       0x20 ./Core/Src/application.o
                0x08001038                csp::SamplingChannel<int, (csp::BufferPolicy)0>::reader()
 .text._ZN3csp10InParallelIJ14CountingSender5RelayS2_S2_S2_S2_15CheckerReceiverEEENS_14ParallelHelperIJDpT_EEEDpRS5_
                0x08001058       0x32 ./Core/Src/application.o
                0x08001058                csp::ParallelHelper<CountingSender, Relay, Relay, Relay, Relay, Relay, CheckerReceiver> csp::InParallel<CountingSender, Relay, Relay, Relay, Relay, Relay, CheckerReceiver>(CountingSender&, Relay&, Relay&, Relay&, Relay&, Relay&, CheckerReceiver&)
 .text._ZN3csp3RunIJ14CountingSender5RelayS2_S2_S2_S2_15CheckerReceiverEEEvNS_14ParallelHelperIJDpT_EEENS_13ExecutionModeE
                0x0800108a       0x2a ./Core/Src/application.o
                0x0800108a                void csp::Run<CountingSender, Relay, Relay, Relay, Relay, Relay, CheckerReceiver>(csp::ParallelHelper<CountingSender, Relay, Relay, Relay, Relay, Relay, CheckerReceiver>, csp::ExecutionMode)
 .text._ZN3csp7ChanoutIiEC2EPNS_8internal11BaseAltChanIiEE
                0x080010b4       0x1e ./Core/Src/application.o
                0x080010b4                csp::Chanout<int>::Chanout(csp::internal::BaseAltChan<int>*)
                0x080010b4                csp::Chanout<int>::Chanout(csp::internal::BaseAltChan<int>*)
 .text._ZN3csp6ChaninIiEC2EPNS_8internal11BaseAltChanIiEE
                0x080010d2       0x1e ./Core/Src/application.o
                0x080010d2                csp::Chanin<int>::Chanin(csp::internal::BaseAltChan<int>*)
                0x080010d2                csp::Chanin<int>::Chanin(csp::internal::BaseAltChan<int>*)
 .text._ZN3csp14ParallelHelperIJ14CountingSender5RelayS2_S2_S2_S2_15CheckerReceiverEEC2ERS1_RS2_S6_S6_S6_S6_RS3_
                0x080010f0       0x34 ./Core/Src/application.o
                0x080010f0                csp::ParallelHelper<CountingSender, Relay, Relay, Relay, Relay, Relay, CheckerReceiver>::ParallelHelper(CountingSender&, Relay&, Relay&, Relay&, Relay&, Relay&, CheckerReceiver&)
                0x080010f0                csp::ParallelHelper<CountingSender, Relay, Relay, Relay, Relay, Relay, CheckerReceiver>::ParallelHelper(CountingSender&, Relay&, Relay&, Relay&, Relay&, Relay&, CheckerReceiver&)
 .text._ZN3csp14ParallelHelperIJ14CountingSender5RelayS2_S2_S2_S2_15CheckerReceiverEE14execute_staticEm
                0x08001124       0x34 ./Core/Src/application.o
                0x08001124                csp::ParallelHelper<CountingSender, Relay, Relay, Relay, Relay, Relay, CheckerReceiver>::execute_static(unsigned long)
 .text._ZN3csp14ParallelHelperIJ14CountingSender5RelayS2_S2_S2_S2_15CheckerReceiverEE19execute_terminatingEm
                0x08001158       0x6a ./Core/Src/application.o
                0x08001158                csp::ParallelHelper<CountingSender, Relay, Relay, Relay, Relay, Relay, CheckerReceiver>::execute_terminating(unsigned long)
 .text._ZNSt5tupleIJR14CountingSenderR5RelayS3_S3_S3_S3_R15CheckerReceiverEEC2ILb1ELb1EEES1_S3_S3_S3_S3_S3_S5_
                0x080011c2       0x34 ./Core/Src/application.o
                0x080011c2                std::tuple<CountingSender&, Relay&, Relay&, Relay&, Relay&, Relay&, CheckerReceiver&>::tuple<true, true>(CountingSender&, Relay&, Relay&, Relay&, Relay&, Relay&, CheckerReceiver&)
                0x080011c2                std::tuple<CountingSender&, Relay&, Relay&, Relay&, Relay&, Relay&, CheckerReceiver&>::tuple<true, true>(CountingSender&, Relay&, Relay&, Relay&, Relay&, Relay&, CheckerReceiver&)
 .text._ZN3csp14ParallelHelperIJ14CountingSender5RelayS2_S2_S2_S2_15CheckerReceiverEE12spawn_othersILj1EEEvP15QueueDefinitionm
                0x080011f6       0x28 ./Core/Src/application.o
                0x080011f6                void csp::ParallelHelper<CountingSender, Relay, Relay, Relay, Relay, Relay, CheckerReceiver>::spawn_others<1u>(QueueDefinition*, unsigned long)
 .text._ZSt3getILj0EJR14CountingSenderR5RelayS3_S3_S3_S3_R15CheckerReceiverEERNSt13tuple_elementIXT_ESt5tupleIJDpT0_EEE4typeERSA_
                0x0800121e       0x1a ./Core/Src/application.o
                0x0800121e                std::tuple_element<0u, std::tuple<CountingSender&, Relay&, Relay&, Relay&, Relay&, Relay&, CheckerReceiver&> >::type& std::get<0u, CountingSender&, Relay&, Relay&, Relay&, Relay&, Relay&, CheckerReceiver&>(std::tuple<CountingSender&, Relay&, Relay&, Relay&, Relay&, Relay&, CheckerReceiver&>&)
 .text._ZNSt11_Tuple_implILj0EJR14CountingSenderR5RelayS3_S3_S3_S3_R15CheckerReceiverEEC2ES1_S3_S3_S3_S3_S3_S5_
                0x08001238       0x3c ./Core/Src/application.o
                0x08001238                std::_Tuple_impl<0u, CountingSender&, Relay&, Relay&, Relay&, Relay&, Relay&, CheckerReceiver&>::_Tuple_impl(CountingSender&, Relay&, Relay&, Relay&, Relay&, Relay&, CheckerReceiver&)
                0x08001238                std::_Tuple_impl<0u, CountingSender&, Relay&, Relay&, Relay&, Relay&, Relay&, CheckerReceiver&>::_Tuple_impl(CountingSender&, Relay&, Relay&, Relay&, Relay&, Relay&, CheckerReceiver&)
 .text._ZN3csp14ParallelHelperIJ14CountingSender5RelayS2_S2_S2_S2_15CheckerReceiverEE10spawn_taskILj1EEEvP15QueueDefinitionm
                0x08001274       0x60 ./Core/Src/application.o
                0x08001274                void csp::ParallelHelper<CountingSender, Relay, Relay, Relay, Relay, Relay, CheckerReceiver>::spawn_task<1u>(QueueDefinition*, unsigned long)
 .text._ZN3csp14ParallelHelperIJ14CountingSender5RelayS2_S2_S2_S2_15CheckerReceiverEE12spawn_othersILj2EEEvP15QueueDefinitionm
                0x080012d4       0x28 ./Core/Src/application.o
                0x080012d4                void csp::ParallelHelper<CountingSender, Relay, Relay, Relay, Relay, Relay, CheckerReceiver>::spawn_others<2u>(QueueDefinition*, unsigned long)
 .text._ZSt12__get_helperILj0ER14CountingSenderJR5RelayS3_S3_S3_S3_R15CheckerReceiverEERT0_RSt11_Tuple_implIXT_EJS6_DpT1_EE
                0x080012fc       0x18 ./Core/Src/application.o
                0x080012fc                CountingSender& std::__get_helper<0u, CountingSender&, Relay&, Relay&, Relay&, Relay&, Relay&, CheckerReceiver&>(std::_Tuple_impl<0u, CountingSender&, Relay&, Relay&, Relay&, Relay&, Relay&, CheckerReceiver&>&)
 .text._ZNSt11_Tuple_implILj1EJR5RelayS1_S1_S1_S1_R15CheckerReceiverEEC2ES1_S1_S1_S1_S1_S3_
                0x08001314       0x38 ./Core/Src/application.o
                0x08001314                std::_Tuple_impl<1u, Relay&, Relay&, Relay&, Relay&, Relay&, CheckerReceiver&>::_Tuple_impl(Relay&, Relay&, Relay&, Relay&, Relay&, CheckerReceiver&)
                0x08001314                std::_Tuple_impl<1u, Relay&, Relay&, Relay&, Relay&, Relay&, CheckerReceiver&>::_Tuple_impl(Relay&, Relay&, Relay&, Relay&, Relay&, CheckerReceiver&)
 .text._ZNSt10_Head_baseILj0ER14CountingSenderLb0EEC2ES1_
                0x0800134c       0x1e ./Core/Src/application.o
                0x0800134c                std::_Head_base<0u, CountingSender&, false>::_Head_base(CountingSender&)
                0x0800134c                std::_Head_base<0u, CountingSender&, false>::_Head_base(CountingSender&)
 .text._ZSt3getILj1EJR14CountingSenderR5RelayS3_S3_S3_S3_R15CheckerReceiverEERNSt13tuple_elementIXT_ESt5tupleIJDpT0_EEE4typeERSA_
                0x0800136a       0x1a ./Core/Src/application.o
                0x0800136a                std::tuple_element<1u, std::tuple<CountingSender&, Relay&, Relay&, Relay&, Relay&, Relay&, CheckerReceiver&> >::type& std::get<1u, CountingSender&, Relay&, Relay&, Relay&, Relay&, Relay&, CheckerReceiver&>(std::tuple<CountingSender&, Relay&, Relay&, Relay&, Relay&, Relay&, CheckerReceiver&>&)
 .text._ZN3csp14ParallelHelperIJ14CountingSender5RelayS2_S2_S2_S2_15CheckerReceiverEE10spawn_taskILj2EEEvP15QueueDefinitionm
                0x08001384       0x60 ./Core/Src/application.o
                0x08001384                void csp::ParallelHelper<CountingSender, Relay, Relay, Relay, Relay, Relay, CheckerReceiver>::spawn_task<2u>(QueueDefinition*, unsigned long)
 .text._ZN3csp14ParallelHelperIJ14CountingSender5RelayS2_S2_S2_S2_15CheckerReceiverEE12spawn_othersILj3EEEvP15QueueDefinitionm
                0x080013e4       0x28 ./Core/Src/application.o
                0x080013e4                void csp::ParallelHelper<CountingSender, Relay, Relay, Relay, Relay, Relay, CheckerReceiver>::spawn_others<3u>(QueueDefinition*, unsigned long)
 .text._ZNSt11_Tuple_implILj0EJR14CountingSenderR5RelayS3_S3_S3_S3_R15CheckerReceiverEE7_M_headERS6_
                0x0800140c       0x1c ./Core/Src/application.o
                0x0800140c                std::_Tuple_impl<0u, CountingSender&, Relay&, Relay&, Relay&, Relay&, Relay&, CheckerReceiver&>::_M_head(std::_Tuple_impl<0u, CountingSender&, Relay&, Relay&, Relay&, Relay&, Relay&, CheckerReceiver&>&)
 .text._ZNSt11_Tuple_implILj2EJR5RelayS1_S1_S1_R15CheckerReceiverEEC2ES1_S1_S1_S1_S3_
                0x08001428       0x34 ./Core/Src/application.o
                0x08001428                std::_Tuple_impl<2u, Relay&, Relay&, Relay&, Relay&, CheckerReceiver&>::_Tuple_impl(Relay&, Relay&, Relay&, Relay&, CheckerReceiver&)
                0x08001428                std::_Tuple_impl<2u, Relay&, Relay&, Relay&, Relay&, CheckerReceiver&>::_Tuple_impl(Relay&, Relay&, Relay&, Relay&, CheckerReceiver&)
 .text._ZNSt10_Head_baseILj1ER5RelayLb0EEC2ES1_
                0x0800145c       0x1e ./Core/Src/application.o
                0x0800145c                std::_Head_base<1u, Relay&, false>::_Head_base(Relay&)
                0x0800145c                std::_Head_base<1u, Relay&, false>::_Head_base(Relay&)
 .text._ZSt12__get_helperILj1ER5RelayJS1_S1_S1_S1_R15CheckerReceiverEERT0_RSt11_Tuple_implIXT_EJS4_DpT1_EE
                0x0800147a       0x18 ./Core/Src/application.o
                0x0800147a                Relay& std::__get_helper<1u, Relay&, Relay&, Relay&, Relay&, Relay&, CheckerReceiver&>(std::_Tuple_impl<1u, Relay&, Relay&, Relay&, Relay&, Relay&, CheckerReceiver&>&)
 .text._ZSt3getILj2EJR14CountingSenderR5RelayS3_S3_S3_S3_R15CheckerReceiverEERNSt13tuple_elementIXT_ESt5tupleIJDpT0_EEE4typeERSA_
                0x08001492       0x1a ./Core/Src/application.o
                0x08001492                std::tuple_element<2u, std::tuple<CountingSender&, Relay&, Relay&, Relay&, Relay&, Relay&, CheckerReceiver&> >::type& std::get<2u, CountingSender&, Relay&, Relay&, Relay&, Relay&, Relay&, CheckerReceiver&>(std::tuple<CountingSender&, Relay&, Relay&, Relay&, Relay&, Relay&, CheckerReceiver&>&)
 .text._ZN3csp14ParallelHelperIJ14CountingSender5RelayS2_S2_S2_S2_15CheckerReceiverEE10spawn_taskILj3EEEvP15QueueDefinitionm
                0x080014ac       0x60 ./Core/Src/application.o
                0x080014ac                void csp::ParallelHelper<CountingSender, Relay, Relay, Relay, Relay, Relay, CheckerReceiver>::spawn_task<3u>(QueueDefinition*, unsigned long)
 .text._ZN3csp14ParallelHelperIJ14CountingSender5RelayS2_S2_S2_S2_15CheckerReceiverEE12spawn_othersILj4EEEvP15QueueDefinitionm
                0x0800150c       0x28 ./Core/Src/application.o
                0x0800150c                void csp::ParallelHelper<CountingSender, Relay, Relay, Relay, Relay, Relay, CheckerReceiver>::spawn_others<4u>(QueueDefinition*, unsigned long)
 .text._ZNSt10_Head_baseILj0ER14CountingSenderLb0EE7_M_headERS2_
                0x08001534       0x18 ./Core/Src/application.o
                0x08001534                std::_Head_base<0u, CountingSender&, false>::_M_head(std::_Head_base<0u, CountingSender&, false>&)
 .text._ZNSt11_Tuple_implILj3EJR5RelayS1_S1_R15CheckerReceiverEEC2ES1_S1_S1_S3_
                0x0800154c       0x30 ./Core/Src/application.o
                0x0800154c                std::_Tuple_impl<3u, Relay&, Relay&, Relay&, CheckerReceiver&>::_Tuple_impl(Relay&, Relay&, Relay&, CheckerReceiver&)
                0x0800154c                std::_Tuple_impl<3u, Relay&, Relay&, Relay&, CheckerReceiver&>::_Tuple_impl(Relay&, Relay&, Relay&, CheckerReceiver&)
 .text._ZNSt10_Head_baseILj2ER5RelayLb0EEC2ES1_
                0x0800157c       0x1e ./Core/Src/application.o
                0x0800157c                std::_Head_base<2u, Relay&, false>::_Head_base(Relay&)
                0x0800157c                std::_Head_base<2u, Relay&, false>::_Head_base(Relay&)
 .text._ZNSt11_Tuple_implILj1EJR5RelayS1_S1_S1_S1_R15CheckerReceiverEE7_M_headERS4_
                0x0800159a       0x1c ./Core/Src/application.o
                0x0800159a                std::_Tuple_impl<1u, Relay&, Relay&, Relay&, Relay&, Relay&, CheckerReceiver&>::_M_head(std::_Tuple_impl<1u, Relay&, Relay&, Relay&, Relay&, Relay&, CheckerReceiver&>&)
 .text._ZSt12__get_helperILj2ER5RelayJS1_S1_S1_R15CheckerReceiverEERT0_RSt11_Tuple_implIXT_EJS4_DpT1_EE
                0x080015b6       0x18 ./Core/Src/application.o
                0x080015b6                Relay& std::__get_helper<2u, Relay&, Relay&, Relay&, Relay&, CheckerReceiver&>(std::_Tuple_impl<2u, Relay&, Relay&, Relay&, Relay&, CheckerReceiver&>&)
 .text._ZSt3getILj3EJR14CountingSenderR5RelayS3_S3_S3_S3_R15CheckerReceiverEERNSt13tuple_elementIXT_ESt5tupleIJDpT0_EEE4typeERSA_
                0x080015ce       0x1a ./Core/Src/application.o
                0x080015ce                std::tuple_element<3u, std::tuple<CountingSender&, Relay&, Relay&, Relay&, Relay&, Relay&, CheckerReceiver&> >::type& std::get<3u, CountingSender&, Relay&, Relay&, Relay&, Relay&, Relay&, CheckerReceiver&>(std::tuple<CountingSender&, Relay&, Relay&, Relay&, Relay&, Relay&, CheckerReceiver&>&)
 .text._ZN3csp14ParallelHelperIJ14CountingSender5RelayS2_S2_S2_S2_15CheckerReceiverEE10spawn_taskILj4EEEvP15QueueDefinitionm
                0x080015e8       0x60 ./Core/Src/application.o
                0x080015e8                void csp::ParallelHelper<CountingSender, Relay, Relay, Relay, Relay, Relay, CheckerReceiver>::spawn_task<4u>(QueueDefinition*, unsigned long)
 .text._ZN3csp14ParallelHelperIJ14CountingSender5RelayS2_S2_S2_S2_15CheckerReceiverEE12spawn_othersILj5EEEvP15QueueDefinitionm
                0x08001648       0x28 ./Core/Src/application.o
                0x08001648                void csp::ParallelHelper<CountingSender, Relay, Relay, Relay, Relay, Relay, CheckerReceiver>::spawn_others<5u>(QueueDefinition*, unsigned long)
 .text._ZNSt11_Tuple_implILj4EJR5RelayS1_R15CheckerReceiverEEC2ES1_S1_S3_
                0x08001670       0x30 ./Core/Src/application.o
                0x08001670                std::_Tuple_impl<4u, Relay&, Relay&, CheckerReceiver&>::_Tuple_impl(Relay&, Relay&, CheckerReceiver&)
                0x08001670                std::_Tuple_impl<4u, Relay&, Relay&, CheckerReceiver&>::_Tuple_impl(Relay&, Relay&, CheckerReceiver&)
 .text._ZNSt10_Head_baseILj3ER5RelayLb0EEC2ES1_
                0x080016a0       0x1e ./Core/Src/application.o
                0x080016a0                std::_Head_base<3u, Relay&, false>::_Head_base(Relay&)
                0x080016a0                std::_Head_base<3u, Relay&, false>::_Head_base(Relay&)
 .text._ZNSt10_Head_baseILj1ER5RelayLb0EE7_M_headERS2_
                0x080016be       0x18 ./Core/Src/application.o
                0x080016be                std::_Head_base<1u, Relay&, false>::_M_head(std::_Head_base<1u, Relay&, false>&)
 .text._ZNSt11_Tuple_implILj2EJR5RelayS1_S1_S1_R15CheckerReceiverEE7_M_headERS4_
                0x080016d6       0x1c ./Core/Src/application.o
                0x080016d6                std::_Tuple_impl<2u, Relay&, Relay&, Relay&, Relay&, CheckerReceiver&>::_M_head(std::_Tuple_impl<2u, Relay&, Relay&, Relay&, Relay&, CheckerReceiver&>&)
 .text._ZSt12__get_helperILj3ER5RelayJS1_S1_R15CheckerReceiverEERT0_RSt11_Tuple_implIXT_EJS4_DpT1_EE
                0x080016f2       0x18 ./Core/Src/application.o
                0x080016f2                Relay& std::__get_helper<3u, Relay&, Relay&, Relay&, CheckerReceiver&>(std::_Tuple_impl<3u, Relay&, Relay&, Relay&, CheckerReceiver&>&)
 .text._ZSt3getILj4EJR14CountingSenderR5RelayS3_S3_S3_S3_R15CheckerReceiverEERNSt13tuple_elementIXT_ESt5tupleIJDpT0_EEE4typeERSA_
                0x0800170a       0x1a ./Core/Src/application.o
                0x0800170a                std::tuple_element<4u, std::tuple<CountingSender&, Relay&, Relay&, Relay&, Relay&, Relay&, CheckerReceiver&> >::type& std::get<4u, CountingSender&, Relay&, Relay&, Relay&, Relay&, Relay&, CheckerReceiver&>(std::tuple<CountingSender&, Relay&, Relay&, Relay&, Relay&, Relay&, CheckerReceiver&>&)
 .text._ZN3csp14ParallelHelperIJ14CountingSender5RelayS2_S2_S2_S2_15CheckerReceiverEE10spawn_taskILj5EEEvP15QueueDefinitionm
                0x08001724       0x60 ./Core/Src/application.o
                0x08001724                void csp::ParallelHelper<CountingSender, Relay, Relay, Relay, Relay, Relay, CheckerReceiver>::spawn_task<5u>(QueueDefinition*, unsigned long)
 .text._ZN3csp14ParallelHelperIJ14CountingSender5RelayS2_S2_S2_S2_15CheckerReceiverEE12spawn_othersILj6EEEvP15QueueDefinitionm
                0x08001784       0x28 ./Core/Src/application.o
                0x08001784                void csp::ParallelHelper<CountingSender, Relay, Relay, Relay, Relay, Relay, CheckerReceiver>::spawn_others<6u>(QueueDefinition*, unsigned long)
 .text._ZNSt11_Tuple_implILj5EJR5RelayR15CheckerReceiverEEC2ES1_S3_
                0x080017ac       0x2c ./Core/Src/application.o
                0x080017ac                std::_Tuple_impl<5u, Relay&, CheckerReceiver&>::_Tuple_impl(Relay&, CheckerReceiver&)
                0x080017ac                std::_Tuple_impl<5u, Relay&, CheckerReceiver&>::_Tuple_impl(Relay&, CheckerReceiver&)
 .text._ZNSt10_Head_baseILj4ER5RelayLb0EEC2ES1_
                0x080017d8       0x1e ./Core/Src/application.o
                0x080017d8                std::_Head_base<4u, Relay&, false>::_Head_base(Relay&)
                0x080017d8                std::_Head_base<4u, Relay&, false>::_Head_base(Relay&)
 .text._ZNSt10_Head_baseILj2ER5RelayLb0EE7_M_headERS2_
                0x080017f6       0x18 ./Core/Src/application.o
                0x080017f6                std::_Head_base<2u, Relay&, false>::_M_head(std::_Head_base<2u, Relay&, false>&)
 .text._ZNSt11_Tuple_implILj3EJR5RelayS1_S1_R15CheckerReceiverEE7_M_headERS4_
                0x0800180e       0x1c ./Core/Src/application.o
                0x0800180e                std::_Tuple_impl<3u, Relay&, Relay&, Relay&, CheckerReceiver&>::_M_head(std::_Tuple_impl<3u, Relay&, Relay&, Relay&, CheckerReceiver&>&)
 .text._ZSt12__get_helperILj4ER5RelayJS1_R15CheckerReceiverEERT0_RSt11_Tuple_implIXT_EJS4_DpT1_EE
                0x0800182a       0x18 ./Core/Src/application.o
                0x0800182a                Relay& std::__get_helper<4u, Relay&, Relay&, CheckerReceiver&>(std::_Tuple_impl<4u, Relay&, Relay&, CheckerReceiver&>&)
 .text._ZSt3getILj5EJR14CountingSenderR5RelayS3_S3_S3_S3_R15CheckerReceiverEERNSt13tuple_elementIXT_ESt5tupleIJDpT0_EEE4typeERSA_
                0x08001842       0x1a ./Core/Src/application.o
                0x08001842                std::tuple_element<5u, std::tuple<CountingSender&, Relay&, Relay&, Relay&, Relay&, Relay&, CheckerReceiver&> >::type& std::get<5u, CountingSender&, Relay&, Relay&, Relay&, Relay&, Relay&, CheckerReceiver&>(std::tuple<CountingSender&, Relay&, Relay&, Relay&, Relay&, Relay&, CheckerReceiver&>&)
 .text._ZN3csp14ParallelHelperIJ14CountingSender5RelayS2_S2_S2_S2_15CheckerReceiverEE10spawn_taskILj6EEEvP15QueueDefinitionm
                0x0800185c       0x60 ./Core/Src/application.o
                0x0800185c                void csp::ParallelHelper<CountingSender, Relay, Relay, Relay, Relay, Relay, CheckerReceiver>::spawn_task<6u>(QueueDefinition*, unsigned long)
 .text._ZN3csp14ParallelHelperIJ14CountingSender5RelayS2_S2_S2_S2_15CheckerReceiverEE12spawn_othersILj7EEEvP15QueueDefinitionm
                0x080018bc       0x18 ./Core/Src/application.o
                0x080018bc                void csp::ParallelHelper<CountingSender, Relay, Relay, Relay, Relay, Relay, CheckerReceiver>::spawn_others<7u>(QueueDefinition*, unsigned long)
 .text._ZNSt11_Tuple_implILj6EJR15CheckerReceiverEEC2ES1_
                0x080018d4       0x1e ./Core/Src/application.o
                0x080018d4                std::_Tuple_impl<6u, CheckerReceiver&>::_Tuple_impl(CheckerReceiver&)
                0x080018d4                std::_Tuple_impl<6u, CheckerReceiver&>::_Tuple_impl(CheckerReceiver&)
 .text._ZNSt10_Head_baseILj5ER5RelayLb0EEC2ES1_
                0x080018f2       0x1e ./Core/Src/application.o
                0x080018f2                std::_Head_base<5u, Relay&, false>::_Head_base(Relay&)
                0x080018f2                std::_Head_base<5u, Relay&, false>::_Head_base(Relay&)
 .text._ZNSt10_Head_baseILj3ER5RelayLb0EE7_M_headERS2_
                0x08001910       0x18 ./Core/Src/application.o
                0x08001910                std::_Head_base<3u, Relay&, false>::_M_head(std::_Head_base<3u, Relay&, false>&)
 .text._ZNSt11_Tuple_implILj4EJR5RelayS1_R15CheckerReceiverEE7_M_headERS4_
                0x08001928       0x1c ./Core/Src/application.o
                0x08001928                std::_Tuple_impl<4u, Relay&, Relay&, CheckerReceiver&>::_M_head(std::_Tuple_impl<4u, Relay&, Relay&, CheckerReceiver&>&)
 .text._ZSt12__get_helperILj5ER5RelayJR15CheckerReceiverEERT0_RSt11_Tuple_implIXT_EJS4_DpT1_EE
                0x08001944       0x18 ./Core/Src/application.o
                0x08001944                Relay& std::__get_helper<5u, Relay&, CheckerReceiver&>(std::_Tuple_impl<5u, Relay&, CheckerReceiver&>&)
 .text._ZSt3getILj6EJR14CountingSenderR5RelayS3_S3_S3_S3_R15CheckerReceiverEERNSt13tuple_elementIXT_ESt5tupleIJDpT0_EEE4typeERSA_
                0x0800195c       0x1a ./Core/Src/application.o
                0x0800195c                std::tuple_element<6u, std::tuple<CountingSender&, Relay&, Relay&, Relay&, Relay&, Relay&, CheckerReceiver&> >::type& std::get<6u, CountingSender&, Relay&, Relay&, Relay&, Relay&, Relay&, CheckerReceiver&>(std::tuple<CountingSender&, Relay&, Relay&, Relay&, Relay&, Relay&, CheckerReceiver&>&)
 .text._ZNSt10_Head_baseILj6ER15CheckerReceiverLb0EEC2ES1_
                0x08001976       0x1e ./Core/Src/application.o
                0x08001976                std::_Head_base<6u, CheckerReceiver&, false>::_Head_base(CheckerReceiver&)
                0x08001976                std::_Head_base<6u, CheckerReceiver&, false>::_Head_base(CheckerReceiver&)
 .text._ZNSt10_Head_baseILj4ER5RelayLb0EE7_M_headERS2_
                0x08001994       0x18 ./Core/Src/application.o
                0x08001994                std::_Head_base<4u, Relay&, false>::_M_head(std::_Head_base<4u, Relay&, false>&)
 .text._ZNSt11_Tuple_implILj5EJR5RelayR15CheckerReceiverEE7_M_headERS4_
                0x080019ac       0x1c ./Core/Src/application.o
                0x080019ac                std::_Tuple_impl<5u, Relay&, CheckerReceiver&>::_M_head(std::_Tuple_impl<5u, Relay&, CheckerReceiver&>&)
 .text._ZSt12__get_helperILj6ER15CheckerReceiverJEERT0_RSt11_Tuple_implIXT_EJS2_DpT1_EE
                0x080019c8       0x18 ./Core/Src/application.o
                0x080019c8                CheckerReceiver& std::__get_helper<6u, CheckerReceiver&>(std::_Tuple_impl<6u, CheckerReceiver&>&)
 .text._ZNSt10_Head_baseILj5ER5RelayLb0EE7_M_headERS2_
                0x080019e0       0x18 ./Core/Src/application.o
                0x080019e0                std::_Head_base<5u, Relay&, false>::_M_head(std::_Head_base<5u, Relay&, false>&)
 .text._ZNSt11_Tuple_implILj6EJR15CheckerReceiverEE7_M_headERS2_
                0x080019f8       0x1a ./Core/Src/application.o
                0x080019f8                std::_Tuple_impl<6u, CheckerReceiver&>::_M_head(std::_Tuple_impl<6u, CheckerReceiver&>&)
 .text._ZNSt10_Head_baseILj6ER15CheckerReceiverLb0EE7_M_headERS2_
                0x08001a12       0x18 ./Core/Src/application.o
                0x08001a12                std::_Head_base<6u, CheckerReceiver&, false>::_M_head(std::_Head_base<6u, CheckerReceiver&, false>&)
 .text._ZN3csp8internal17RendezvousChannelIiLNS_12BufferPolicyE0EE5inputEPi
                0x08001a2a       0xcc ./Core/Src/application.o
                0x08001a2a                csp::internal::RendezvousChannel<int, (csp::BufferPolicy)0>::input(int*)
 .text._ZN3csp8internal17RendezvousChannelIiLNS_12BufferPolicyE0EE6outputEPKi
                0x08001af6       0xe0 ./Core/Src/application.o
                0x08001af6                csp::internal::RendezvousChannel<int, (csp::BufferPolicy)0>::output(int const*)
 .text._ZN3csp8internal17RendezvousChannelIiLNS_12BufferPolicyE0EE13beginExtInputEPi
                0x08001bd6       0x16 ./Core/Src/application.o
                0x08001bd6                csp::internal::RendezvousChannel<int, (csp::BufferPolicy)0>::beginExtInput(int*)
 .text._ZN3csp8internal17RendezvousChannelIiLNS_12BufferPolicyE0EE11endExtInputEv
                0x08001bec       0x14 ./Core/Src/application.o
                0x08001bec                csp::internal::RendezvousChannel<int, (csp::BufferPolicy)0>::endExtInput()
 .text._ZN3csp8internal17RendezvousChannelIiLNS_12BufferPolicyE0EE7pendingEv
                0x08001c00       0x96 ./Core/Src/application.o
                0x08001c00                csp::internal::RendezvousChannel<int, (csp::BufferPolicy)0>::pending()
 .text._ZN3csp8internal17RendezvousChannelIiLNS_12BufferPolicyE0EE15space_availableEv
                0x08001c96       0x76 ./Core/Src/application.o
                0x08001c96                csp::internal::RendezvousChannel<int, (csp::BufferPolicy)0>::space_available()
 .text._ZN3csp8internal17RendezvousChannelIiLNS_12BufferPolicyE0EE10putFromISRERKi
                0x08001d0c       0xf8 ./Core/Src/application.o
                0x08001d0c                csp::internal::RendezvousChannel<int, (csp::BufferPolicy)0>::putFromISR(int const&)
 .text._ZN3csp8internal17RendezvousChannelIiLNS_12BufferPolicyE0EE13getInputGuardERi
                0x08001e04       0x22 ./Core/Src/application.o
                0x08001e04                csp::internal::RendezvousChannel<int, (csp::BufferPolicy)0>::getInputGuard(int&)
 .text._ZN3csp8internal17RendezvousChannelIiLNS_12BufferPolicyE0EE14getOutputGuardERKi
                0x08001e26       0x22 ./Core/Src/application.o
                0x08001e26                csp::internal::RendezvousChannel<int, (csp::BufferPolicy)0>::getOutputGuard(int const&)
 .text._write   0x08001e48       0x2c ./Core/Src/main.o
                0x08001e48                _write
 .text.main     0x08001e74       0x64 ./Core/Src/main.o
                0x08001e74                main
 .text.SystemClock_Config
                0x08001ed8       0xc4 ./Core/Src/main.o
                0x08001ed8                SystemClock_Config
 .text.MX_DFSDM1_Init
                0x08001f9c       0x70 ./Core/Src/main.o
 .text.MX_I2C2_Init
                0x0800200c       0x7c ./Core/Src/main.o
 .text.MX_QUADSPI_Init
                0x08002088       0x4c ./Core/Src/main.o
 .text.MX_SPI3_Init
                0x080020d4       0x7c ./Core/Src/main.o
 .text.MX_USART1_UART_Init
                0x08002150       0x60 ./Core/Src/main.o
 .text.MX_USART3_UART_Init
                0x080021b0       0x60 ./Core/Src/main.o
 .text.MX_USB_OTG_FS_PCD_Init
                0x08002210       0x5c ./Core/Src/main.o
 .text.MX_GPIO_Init
                0x0800226c      0x364 ./Core/Src/main.o
 .text.StartDefaultTask
                0x080025d0       0x10 ./Core/Src/main.o
                0x080025d0                StartDefaultTask
 .text.HAL_TIM_PeriodElapsedCallback
                0x080025e0       0x24 ./Core/Src/main.o
                0x080025e0                HAL_TIM_PeriodElapsedCallback
 .text.Error_Handler
                0x08002604        0xc ./Core/Src/main.o
                0x08002604                Error_Handler
 .text.HAL_MspInit
                0x08002610       0x50 ./Core/Src/stm32l4xx_hal_msp.o
                0x08002610                HAL_MspInit
 .text.HAL_DFSDM_ChannelMspInit
                0x08002660       0xc8 ./Core/Src/stm32l4xx_hal_msp.o
                0x08002660                HAL_DFSDM_ChannelMspInit
 .text.HAL_I2C_MspInit
                0x08002728       0xbc ./Core/Src/stm32l4xx_hal_msp.o
                0x08002728                HAL_I2C_MspInit
 .text.HAL_QSPI_MspInit
                0x080027e4       0x88 ./Core/Src/stm32l4xx_hal_msp.o
                0x080027e4                HAL_QSPI_MspInit
 .text.HAL_SPI_MspInit
                0x0800286c       0x88 ./Core/Src/stm32l4xx_hal_msp.o
                0x0800286c                HAL_SPI_MspInit
 .text.HAL_UART_MspInit
                0x080028f4      0x148 ./Core/Src/stm32l4xx_hal_msp.o
                0x080028f4                HAL_UART_MspInit
 .text.HAL_PCD_MspInit
                0x08002a3c      0x138 ./Core/Src/stm32l4xx_hal_msp.o
                0x08002a3c                HAL_PCD_MspInit
 .text.HAL_InitTick
                0x08002b74       0xdc ./Core/Src/stm32l4xx_hal_timebase_tim.o
                0x08002b74                HAL_InitTick
 .text.NMI_Handler
                0x08002c50        0x8 ./Core/Src/stm32l4xx_it.o
                0x08002c50                NMI_Handler
 .text.HardFault_Handler
                0x08002c58        0x8 ./Core/Src/stm32l4xx_it.o
                0x08002c58                HardFault_Handler
 .text.MemManage_Handler
                0x08002c60        0x8 ./Core/Src/stm32l4xx_it.o
                0x08002c60                MemManage_Handler
 .text.BusFault_Handler
                0x08002c68        0x8 ./Core/Src/stm32l4xx_it.o
                0x08002c68                BusFault_Handler
 .text.UsageFault_Handler
                0x08002c70        0x8 ./Core/Src/stm32l4xx_it.o
                0x08002c70                UsageFault_Handler
 .text.DebugMon_Handler
                0x08002c78        0xe ./Core/Src/stm32l4xx_it.o
                0x08002c78                DebugMon_Handler
 .text.EXTI9_5_IRQHandler
                0x08002c86       0x22 ./Core/Src/stm32l4xx_it.o
                0x08002c86                EXTI9_5_IRQHandler
 .text.TIM1_UP_TIM16_IRQHandler
                0x08002ca8       0x14 ./Core/Src/stm32l4xx_it.o
                0x08002ca8                TIM1_UP_TIM16_IRQHandler
 .text.EXTI15_10_IRQHandler
                0x08002cbc       0x30 ./Core/Src/stm32l4xx_it.o
                0x08002cbc                EXTI15_10_IRQHandler
 .text._read    0x08002cec       0x3a ./Core/Src/syscalls.o
                0x08002cec                _read
 .text._close   0x08002d26       0x18 ./Core/Src/syscalls.o
                0x08002d26                _close
 .text._fstat   0x08002d3e       0x20 ./Core/Src/syscalls.o
                0x08002d3e                _fstat
 .text._isatty  0x08002d5e       0x16 ./Core/Src/syscalls.o
                0x08002d5e                _isatty
 .text._lseek   0x08002d74       0x1a ./Core/Src/syscalls.o
                0x08002d74                _lseek
 *fill*         0x08002d8e        0x2 
 .text._sbrk    0x08002d90       0x6c ./Core/Src/sysmem.o
                0x08002d90                _sbrk
 .text.SystemInit
                0x08002dfc       0x24 ./Core/Src/system_stm32l4xx.o
                0x08002dfc                SystemInit
 .text.Reset_Handler
                0x08002e20       0x50 ./Core/Startup/startup_stm32l475vgtx.o
                0x08002e20                Reset_Handler
 .text.Default_Handler
                0x08002e70        0x2 ./Core/Startup/startup_stm32l475vgtx.o
                0x08002e70                RTC_Alarm_IRQHandler
                0x08002e70                EXTI2_IRQHandler
                0x08002e70                TIM8_TRG_COM_IRQHandler
                0x08002e70                TIM8_CC_IRQHandler
                0x08002e70                TIM1_CC_IRQHandler
                0x08002e70                TSC_IRQHandler
                0x08002e70                TAMP_STAMP_IRQHandler
                0x08002e70                EXTI3_IRQHandler
                0x08002e70                LPTIM2_IRQHandler
                0x08002e70                DFSDM1_FLT1_IRQHandler
                0x08002e70                I2C3_ER_IRQHandler
                0x08002e70                DFSDM1_FLT2_IRQHandler
                0x08002e70                EXTI0_IRQHandler
                0x08002e70                I2C2_EV_IRQHandler
                0x08002e70                CAN1_RX0_IRQHandler
                0x08002e70                FPU_IRQHandler
                0x08002e70                ADC1_2_IRQHandler
                0x08002e70                SPI1_IRQHandler
                0x08002e70                TIM6_DAC_IRQHandler
                0x08002e70                TIM8_UP_IRQHandler
                0x08002e70                DMA2_Channel2_IRQHandler
                0x08002e70                DMA1_Channel4_IRQHandler
                0x08002e70                SAI2_IRQHandler
                0x08002e70                DFSDM1_FLT3_IRQHandler
                0x08002e70                USART3_IRQHandler
                0x08002e70                DMA1_Channel7_IRQHandler
                0x08002e70                CAN1_RX1_IRQHandler
                0x08002e70                UART5_IRQHandler
                0x08002e70                ADC3_IRQHandler
                0x08002e70                TIM4_IRQHandler
                0x08002e70                DMA2_Channel1_IRQHandler
                0x08002e70                QUADSPI_IRQHandler
                0x08002e70                I2C1_EV_IRQHandler
                0x08002e70                DMA1_Channel6_IRQHandler
                0x08002e70                UART4_IRQHandler
                0x08002e70                DMA2_Channel4_IRQHandler
                0x08002e70                TIM3_IRQHandler
                0x08002e70                RCC_IRQHandler
                0x08002e70                DMA1_Channel1_IRQHandler
                0x08002e70                Default_Handler
                0x08002e70                DMA2_Channel7_IRQHandler
                0x08002e70                TIM7_IRQHandler
                0x08002e70                SDMMC1_IRQHandler
                0x08002e70                TIM5_IRQHandler
                0x08002e70                I2C3_EV_IRQHandler
                0x08002e70                RTC_WKUP_IRQHandler
                0x08002e70                PVD_PVM_IRQHandler
                0x08002e70                SPI2_IRQHandler
                0x08002e70                CAN1_TX_IRQHandler
                0x08002e70                DMA2_Channel5_IRQHandler
                0x08002e70                DMA1_Channel5_IRQHandler
                0x08002e70                EXTI4_IRQHandler
                0x08002e70                RNG_IRQHandler
                0x08002e70                TIM1_TRG_COM_TIM17_IRQHandler
                0x08002e70                DMA1_Channel3_IRQHandler
                0x08002e70                COMP_IRQHandler
                0x08002e70                WWDG_IRQHandler
                0x08002e70                LPUART1_IRQHandler
                0x08002e70                DMA2_Channel6_IRQHandler
                0x08002e70                TIM2_IRQHandler
                0x08002e70                EXTI1_IRQHandler
                0x08002e70                USART2_IRQHandler
                0x08002e70                DFSDM1_FLT0_IRQHandler
                0x08002e70                I2C2_ER_IRQHandler
                0x08002e70                DMA1_Channel2_IRQHandler
                0x08002e70                TIM8_BRK_IRQHandler
                0x08002e70                CAN1_SCE_IRQHandler
                0x08002e70                FLASH_IRQHandler
                0x08002e70                USART1_IRQHandler
                0x08002e70                OTG_FS_IRQHandler
                0x08002e70                SPI3_IRQHandler
                0x08002e70                I2C1_ER_IRQHandler
                0x08002e70                FMC_IRQHandler
                0x08002e70                SWPMI1_IRQHandler
                0x08002e70                LPTIM1_IRQHandler
                0x08002e70                SAI1_IRQHandler
                0x08002e70                DMA2_Channel3_IRQHandler
                0x08002e70                TIM1_BRK_TIM15_IRQHandler
 .text.HAL_Init
                0x08002e72       0x30 ./Drivers/STM32L4xx_HAL_Driver/Src/stm32l4xx_hal.o
                0x08002e72                HAL_Init
 *fill*         0x08002ea2        0x2 
 .text.HAL_IncTick
                0x08002ea4       0x28 ./Drivers/STM32L4xx_HAL_Driver/Src/stm32l4xx_hal.o
                0x08002ea4                HAL_IncTick
 .text.HAL_GetTick
                0x08002ecc       0x18 ./Drivers/STM32L4xx_HAL_Driver/Src/stm32l4xx_hal.o
                0x08002ecc                HAL_GetTick
 .text.HAL_Delay
                0x08002ee4       0x48 ./Drivers/STM32L4xx_HAL_Driver/Src/stm32l4xx_hal.o
                0x08002ee4                HAL_Delay
 .text.__NVIC_SetPriorityGrouping
                0x08002f2c       0x48 ./Drivers/STM32L4xx_HAL_Driver/Src/stm32l4xx_hal_cortex.o
 .text.__NVIC_GetPriorityGrouping
                0x08002f74       0x1c ./Drivers/STM32L4xx_HAL_Driver/Src/stm32l4xx_hal_cortex.o
 .text.__NVIC_EnableIRQ
                0x08002f90       0x3c ./Drivers/STM32L4xx_HAL_Driver/Src/stm32l4xx_hal_cortex.o
 .text.__NVIC_SetPriority
                0x08002fcc       0x54 ./Drivers/STM32L4xx_HAL_Driver/Src/stm32l4xx_hal_cortex.o
 .text.NVIC_EncodePriority
                0x08003020       0x66 ./Drivers/STM32L4xx_HAL_Driver/Src/stm32l4xx_hal_cortex.o
 .text.HAL_NVIC_SetPriorityGrouping
                0x08003086       0x16 ./Drivers/STM32L4xx_HAL_Driver/Src/stm32l4xx_hal_cortex.o
                0x08003086                HAL_NVIC_SetPriorityGrouping
 .text.HAL_NVIC_SetPriority
                0x0800309c       0x38 ./Drivers/STM32L4xx_HAL_Driver/Src/stm32l4xx_hal_cortex.o
                0x0800309c                HAL_NVIC_SetPriority
 .text.HAL_NVIC_EnableIRQ
                0x080030d4       0x1c ./Drivers/STM32L4xx_HAL_Driver/Src/stm32l4xx_hal_cortex.o
                0x080030d4                HAL_NVIC_EnableIRQ
 .text.HAL_DFSDM_ChannelInit
                0x080030f0      0x180 ./Drivers/STM32L4xx_HAL_Driver/Src/stm32l4xx_hal_dfsdm.o
                0x080030f0                HAL_DFSDM_ChannelInit
 .text.DFSDM_GetChannelFromInstance
                0x08003270       0x98 ./Drivers/STM32L4xx_HAL_Driver/Src/stm32l4xx_hal_dfsdm.o
 .text.HAL_GPIO_Init
                0x08003308      0x354 ./Drivers/STM32L4xx_HAL_Driver/Src/stm32l4xx_hal_gpio.o
                0x08003308                HAL_GPIO_Init
 .text.HAL_GPIO_WritePin
                0x0800365c       0x30 ./Drivers/STM32L4xx_HAL_Driver/Src/stm32l4xx_hal_gpio.o
                0x0800365c                HAL_GPIO_WritePin
 .text.HAL_GPIO_EXTI_IRQHandler
                0x0800368c       0x30 ./Drivers/STM32L4xx_HAL_Driver/Src/stm32l4xx_hal_gpio.o
                0x0800368c                HAL_GPIO_EXTI_IRQHandler
 .text.HAL_GPIO_EXTI_Callback
                0x080036bc       0x16 ./Drivers/STM32L4xx_HAL_Driver/Src/stm32l4xx_hal_gpio.o
                0x080036bc                HAL_GPIO_EXTI_Callback
 .text.HAL_I2C_Init
                0x080036d2      0x136 ./Drivers/STM32L4xx_HAL_Driver/Src/stm32l4xx_hal_i2c.o
                0x080036d2                HAL_I2C_Init
 .text.HAL_I2CEx_ConfigAnalogFilter
                0x08003808       0x96 ./Drivers/STM32L4xx_HAL_Driver/Src/stm32l4xx_hal_i2c_ex.o
                0x08003808                HAL_I2CEx_ConfigAnalogFilter
 .text.HAL_I2CEx_ConfigDigitalFilter
                0x0800389e       0x98 ./Drivers/STM32L4xx_HAL_Driver/Src/stm32l4xx_hal_i2c_ex.o
                0x0800389e                HAL_I2CEx_ConfigDigitalFilter
 .text.HAL_PCD_Init
                0x08003936      0x21e ./Drivers/STM32L4xx_HAL_Driver/Src/stm32l4xx_hal_pcd.o
                0x08003936                HAL_PCD_Init
 .text.HAL_PCDEx_ActivateLPM
                0x08003b54       0x48 ./Drivers/STM32L4xx_HAL_Driver/Src/stm32l4xx_hal_pcd_ex.o
                0x08003b54                HAL_PCDEx_ActivateLPM
 .text.HAL_PWR_EnableBkUpAccess
                0x08003b9c       0x20 ./Drivers/STM32L4xx_HAL_Driver/Src/stm32l4xx_hal_pwr.o
                0x08003b9c                HAL_PWR_EnableBkUpAccess
 .text.HAL_PWREx_GetVoltageRange
                0x08003bbc       0x1c ./Drivers/STM32L4xx_HAL_Driver/Src/stm32l4xx_hal_pwr_ex.o
                0x08003bbc                HAL_PWREx_GetVoltageRange
 .text.HAL_PWREx_ControlVoltageScaling
                0x08003bd8       0xac ./Drivers/STM32L4xx_HAL_Driver/Src/stm32l4xx_hal_pwr_ex.o
                0x08003bd8                HAL_PWREx_ControlVoltageScaling
 .text.HAL_PWREx_EnableVddUSB
                0x08003c84       0x20 ./Drivers/STM32L4xx_HAL_Driver/Src/stm32l4xx_hal_pwr_ex.o
                0x08003c84                HAL_PWREx_EnableVddUSB
 .text.HAL_QSPI_Init
                0x08003ca4       0xec ./Drivers/STM32L4xx_HAL_Driver/Src/stm32l4xx_hal_qspi.o
                0x08003ca4                HAL_QSPI_Init
 .text.HAL_QSPI_SetTimeout
                0x08003d90       0x1c ./Drivers/STM32L4xx_HAL_Driver/Src/stm32l4xx_hal_qspi.o
                0x08003d90                HAL_QSPI_SetTimeout
 .text.QSPI_WaitFlagStateUntilTimeout
                0x08003dac       0x6e ./Drivers/STM32L4xx_HAL_Driver/Src/stm32l4xx_hal_qspi.o
 *fill*         0x08003e1a        0x2 
 .text.HAL_RCC_OscConfig
                0x08003e1c      0x7b8 ./Drivers/STM32L4xx_HAL_Driver/Src/stm32l4xx_hal_rcc.o
                0x08003e1c                HAL_RCC_OscConfig
 .text.HAL_RCC_ClockConfig
                0x080045d4      0x200 ./Drivers/STM32L4xx_HAL_Driver/Src/stm32l4xx_hal_rcc.o
                0x080045d4                HAL_RCC_ClockConfig
 .text.HAL_RCC_GetSysClockFreq
                0x080047d4      0x118 ./Drivers/STM32L4xx_HAL_Driver/Src/stm32l4xx_hal_rcc.o
                0x080047d4                HAL_RCC_GetSysClockFreq
 .text.HAL_RCC_GetHCLKFreq
                0x080048ec       0x18 ./Drivers/STM32L4xx_HAL_Driver/Src/stm32l4xx_hal_rcc.o
                0x080048ec                HAL_RCC_GetHCLKFreq
 .text.HAL_RCC_GetPCLK1Freq
                0x08004904       0x2c ./Drivers/STM32L4xx_HAL_Driver/Src/stm32l4xx_hal_rcc.o
                0x08004904                HAL_RCC_GetPCLK1Freq
 .text.HAL_RCC_GetPCLK2Freq
                0x08004930       0x2c ./Drivers/STM32L4xx_HAL_Driver/Src/stm32l4xx_hal_rcc.o
                0x08004930                HAL_RCC_GetPCLK2Freq
 .text.HAL_RCC_GetClockConfig
                0x0800495c       0x64 ./Drivers/STM32L4xx_HAL_Driver/Src/stm32l4xx_hal_rcc.o
                0x0800495c                HAL_RCC_GetClockConfig
 .text.RCC_SetFlashLatencyFromMSIRange
                0x080049c0       0xc0 ./Drivers/STM32L4xx_HAL_Driver/Src/stm32l4xx_hal_rcc.o
 .text.HAL_RCCEx_PeriphCLKConfig
                0x08004a80      0x5d4 ./Drivers/STM32L4xx_HAL_Driver/Src/stm32l4xx_hal_rcc_ex.o
                0x08004a80                HAL_RCCEx_PeriphCLKConfig
 .text.HAL_RCCEx_EnableMSIPLLMode
                0x08005054       0x20 ./Drivers/STM32L4xx_HAL_Driver/Src/stm32l4xx_hal_rcc_ex.o
                0x08005054                HAL_RCCEx_EnableMSIPLLMode
 .text.RCCEx_PLLSAI1_Config
                0x08005074      0x1e8 ./Drivers/STM32L4xx_HAL_Driver/Src/stm32l4xx_hal_rcc_ex.o
 .text.RCCEx_PLLSAI2_Config
                0x0800525c      0x1bc ./Drivers/STM32L4xx_HAL_Driver/Src/stm32l4xx_hal_rcc_ex.o
 .text.HAL_SPI_Init
                0x08005418      0x146 ./Drivers/STM32L4xx_HAL_Driver/Src/stm32l4xx_hal_spi.o
                0x08005418                HAL_SPI_Init
 .text.HAL_TIM_Base_Init
                0x0800555e       0xae ./Drivers/STM32L4xx_HAL_Driver/Src/stm32l4xx_hal_tim.o
                0x0800555e                HAL_TIM_Base_Init
 .text.HAL_TIM_Base_MspInit
                0x0800560c       0x14 ./Drivers/STM32L4xx_HAL_Driver/Src/stm32l4xx_hal_tim.o
                0x0800560c                HAL_TIM_Base_MspInit
 .text.HAL_TIM_Base_Start_IT
                0x08005620       0xe0 ./Drivers/STM32L4xx_HAL_Driver/Src/stm32l4xx_hal_tim.o
                0x08005620                HAL_TIM_Base_Start_IT
 .text.HAL_TIM_IRQHandler
                0x08005700      0x20e ./Drivers/STM32L4xx_HAL_Driver/Src/stm32l4xx_hal_tim.o
                0x08005700                HAL_TIM_IRQHandler
 .text.HAL_TIM_OC_DelayElapsedCallback
                0x0800590e       0x14 ./Drivers/STM32L4xx_HAL_Driver/Src/stm32l4xx_hal_tim.o
                0x0800590e                HAL_TIM_OC_DelayElapsedCallback
 .text.HAL_TIM_IC_CaptureCallback
                0x08005922       0x14 ./Drivers/STM32L4xx_HAL_Driver/Src/stm32l4xx_hal_tim.o
                0x08005922                HAL_TIM_IC_CaptureCallback
 .text.HAL_TIM_PWM_PulseFinishedCallback
                0x08005936       0x14 ./Drivers/STM32L4xx_HAL_Driver/Src/stm32l4xx_hal_tim.o
                0x08005936                HAL_TIM_PWM_PulseFinishedCallback
 .text.HAL_TIM_TriggerCallback
                0x0800594a       0x14 ./Drivers/STM32L4xx_HAL_Driver/Src/stm32l4xx_hal_tim.o
                0x0800594a                HAL_TIM_TriggerCallback
 *fill*         0x0800595e        0x2 
 .text.TIM_Base_SetConfig
                0x08005960      0x14c ./Drivers/STM32L4xx_HAL_Driver/Src/stm32l4xx_hal_tim.o
                0x08005960                TIM_Base_SetConfig
 .text.HAL_TIMEx_CommutCallback
                0x08005aac       0x14 ./Drivers/STM32L4xx_HAL_Driver/Src/stm32l4xx_hal_tim_ex.o
                0x08005aac                HAL_TIMEx_CommutCallback
 .text.HAL_TIMEx_BreakCallback
                0x08005ac0       0x14 ./Drivers/STM32L4xx_HAL_Driver/Src/stm32l4xx_hal_tim_ex.o
                0x08005ac0                HAL_TIMEx_BreakCallback
 .text.HAL_TIMEx_Break2Callback
                0x08005ad4       0x14 ./Drivers/STM32L4xx_HAL_Driver/Src/stm32l4xx_hal_tim_ex.o
                0x08005ad4                HAL_TIMEx_Break2Callback
 .text.HAL_UART_Init
                0x08005ae8       0x9c ./Drivers/STM32L4xx_HAL_Driver/Src/stm32l4xx_hal_uart.o
                0x08005ae8                HAL_UART_Init
 .text.HAL_UART_Transmit
                0x08005b84      0x112 ./Drivers/STM32L4xx_HAL_Driver/Src/stm32l4xx_hal_uart.o
                0x08005b84                HAL_UART_Transmit
 *fill*         0x08005c96        0x2 
 .text.UART_SetConfig
                0x08005c98      0x570 ./Drivers/STM32L4xx_HAL_Driver/Src/stm32l4xx_hal_uart.o
                0x08005c98                UART_SetConfig
 .text.UART_AdvFeatureConfig
                0x08006208      0x144 ./Drivers/STM32L4xx_HAL_Driver/Src/stm32l4xx_hal_uart.o
                0x08006208                UART_AdvFeatureConfig
 .text.UART_CheckIdleState
                0x0800634c      0x150 ./Drivers/STM32L4xx_HAL_Driver/Src/stm32l4xx_hal_uart.o
                0x0800634c                UART_CheckIdleState
 .text.UART_WaitOnFlagUntilTimeout
                0x0800649c       0xda ./Drivers/STM32L4xx_HAL_Driver/Src/stm32l4xx_hal_uart.o
                0x0800649c                UART_WaitOnFlagUntilTimeout
 .text.UART_EndRxTransfer
                0x08006576       0xc8 ./Drivers/STM32L4xx_HAL_Driver/Src/stm32l4xx_hal_uart.o
 .text.USB_CoreInit
                0x0800663e       0x5a ./Drivers/STM32L4xx_HAL_Driver/Src/stm32l4xx_ll_usb.o
                0x0800663e                USB_CoreInit
 .text.USB_DisableGlobalInt
                0x08006698       0x22 ./Drivers/STM32L4xx_HAL_Driver/Src/stm32l4xx_ll_usb.o
                0x08006698                USB_DisableGlobalInt
 .text.USB_SetCurrentMode
                0x080066ba       0x98 ./Drivers/STM32L4xx_HAL_Driver/Src/stm32l4xx_ll_usb.o
                0x080066ba                USB_SetCurrentMode
 *fill*         0x08006752        0x2 
 .text.USB_DevInit
                0x08006754      0x290 ./Drivers/STM32L4xx_HAL_Driver/Src/stm32l4xx_ll_usb.o
                0x08006754                USB_DevInit
 .text.USB_FlushTxFifo
                0x080069e4       0x64 ./Drivers/STM32L4xx_HAL_Driver/Src/stm32l4xx_ll_usb.o
                0x080069e4                USB_FlushTxFifo
 .text.USB_FlushRxFifo
                0x08006a48       0x5c ./Drivers/STM32L4xx_HAL_Driver/Src/stm32l4xx_ll_usb.o
                0x08006a48                USB_FlushRxFifo
 .text.USB_SetDevSpeed
                0x08006aa4       0x32 ./Drivers/STM32L4xx_HAL_Driver/Src/stm32l4xx_ll_usb.o
                0x08006aa4                USB_SetDevSpeed
 .text.USB_DevDisconnect
                0x08006ad6       0x42 ./Drivers/STM32L4xx_HAL_Driver/Src/stm32l4xx_ll_usb.o
                0x08006ad6                USB_DevDisconnect
 .text.USB_GetMode
                0x08006b18       0x1c ./Drivers/STM32L4xx_HAL_Driver/Src/stm32l4xx_ll_usb.o
                0x08006b18                USB_GetMode
 .text.USB_CoreReset
                0x08006b34       0x62 ./Drivers/STM32L4xx_HAL_Driver/Src/stm32l4xx_ll_usb.o
 *fill*         0x08006b96        0x2 
 .text.__NVIC_SetPriority
                0x08006b98       0x54 ./Middlewares/Third_Party/FreeRTOS/Source/CMSIS_RTOS_V2/cmsis_os2.o
 .text.SysTick_Handler
                0x08006bec       0x20 ./Middlewares/Third_Party/FreeRTOS/Source/CMSIS_RTOS_V2/cmsis_os2.o
                0x08006bec                SysTick_Handler
 .text.SVC_Setup
                0x08006c0c       0x12 ./Middlewares/Third_Party/FreeRTOS/Source/CMSIS_RTOS_V2/cmsis_os2.o
 *fill*         0x08006c1e        0x2 
 .text.osKernelInitialize
                0x08006c20       0x48 ./Middlewares/Third_Party/FreeRTOS/Source/CMSIS_RTOS_V2/cmsis_os2.o
                0x08006c20                osKernelInitialize
 .text.osKernelStart
                0x08006c68       0x4c ./Middlewares/Third_Party/FreeRTOS/Source/CMSIS_RTOS_V2/cmsis_os2.o
                0x08006c68                osKernelStart
 .text.osThreadNew
                0x08006cb4      0x124 ./Middlewares/Third_Party/FreeRTOS/Source/CMSIS_RTOS_V2/cmsis_os2.o
                0x08006cb4                osThreadNew
 .text.osDelay  0x08006dd8       0x36 ./Middlewares/Third_Party/FreeRTOS/Source/CMSIS_RTOS_V2/cmsis_os2.o
                0x08006dd8                osDelay
 *fill*         0x08006e0e        0x2 
 .text.vApplicationGetIdleTaskMemory
                0x08006e10       0x34 ./Middlewares/Third_Party/FreeRTOS/Source/CMSIS_RTOS_V2/cmsis_os2.o
                0x08006e10                vApplicationGetIdleTaskMemory
 .text.vApplicationGetTimerTaskMemory
                0x08006e44       0x34 ./Middlewares/Third_Party/FreeRTOS/Source/CMSIS_RTOS_V2/cmsis_os2.o
                0x08006e44                vApplicationGetTimerTaskMemory
 .text.xEventGroupSetBits
                0x08006e78      0x118 ./Middlewares/Third_Party/FreeRTOS/Source/event_groups.o
                0x08006e78                xEventGroupSetBits
 .text.vEventGroupSetBitsCallback
                0x08006f90       0x1a ./Middlewares/Third_Party/FreeRTOS/Source/event_groups.o
                0x08006f90                vEventGroupSetBitsCallback
 *fill*         0x08006faa        0x2 
 .text.xEventGroupSetBitsFromISR
                0x08006fac       0x28 ./Middlewares/Third_Party/FreeRTOS/Source/event_groups.o
                0x08006fac                xEventGroupSetBitsFromISR
 .text.vListInitialise
                0x08006fd4       0x40 ./Middlewares/Third_Party/FreeRTOS/Source/list.o
                0x08006fd4                vListInitialise
 .text.vListInitialiseItem
                0x08007014       0x1a ./Middlewares/Third_Party/FreeRTOS/Source/list.o
                0x08007014                vListInitialiseItem
 .text.vListInsertEnd
                0x0800702e       0x48 ./Middlewares/Third_Party/FreeRTOS/Source/list.o
                0x0800702e                vListInsertEnd
 .text.vListInsert
                0x08007076       0x72 ./Middlewares/Third_Party/FreeRTOS/Source/list.o
                0x08007076                vListInsert
 .text.uxListRemove
                0x080070e8       0x54 ./Middlewares/Third_Party/FreeRTOS/Source/list.o
                0x080070e8                uxListRemove
 .text.xQueueGenericReset
                0x0800713c       0xd4 ./Middlewares/Third_Party/FreeRTOS/Source/queue.o
                0x0800713c                xQueueGenericReset
 .text.xQueueGenericCreateStatic
                0x08007210       0xfa ./Middlewares/Third_Party/FreeRTOS/Source/queue.o
                0x08007210                xQueueGenericCreateStatic
 .text.xQueueGenericCreate
                0x0800730a       0x76 ./Middlewares/Third_Party/FreeRTOS/Source/queue.o
                0x0800730a                xQueueGenericCreate
 .text.prvInitialiseNewQueue
                0x08007380       0x46 ./Middlewares/Third_Party/FreeRTOS/Source/queue.o
 .text.prvInitialiseMutex
                0x080073c6       0x34 ./Middlewares/Third_Party/FreeRTOS/Source/queue.o
 .text.xQueueCreateMutex
                0x080073fa       0x30 ./Middlewares/Third_Party/FreeRTOS/Source/queue.o
                0x080073fa                xQueueCreateMutex
 .text.xQueueCreateCountingSemaphore
                0x0800742a       0x6a ./Middlewares/Third_Party/FreeRTOS/Source/queue.o
                0x0800742a                xQueueCreateCountingSemaphore
 .text.xQueueGenericSend
                0x08007494      0x204 ./Middlewares/Third_Party/FreeRTOS/Source/queue.o
                0x08007494                xQueueGenericSend
 .text.xQueueGenericSendFromISR
                0x08007698      0x13c ./Middlewares/Third_Party/FreeRTOS/Source/queue.o
                0x08007698                xQueueGenericSendFromISR
 .text.xQueueReceive
                0x080077d4      0x1c4 ./Middlewares/Third_Party/FreeRTOS/Source/queue.o
                0x080077d4                xQueueReceive
 .text.xQueueSemaphoreTake
                0x08007998      0x220 ./Middlewares/Third_Party/FreeRTOS/Source/queue.o
                0x08007998                xQueueSemaphoreTake
 .text.vQueueDelete
                0x08007bb8       0x48 ./Middlewares/Third_Party/FreeRTOS/Source/queue.o
                0x08007bb8                vQueueDelete
 .text.prvGetDisinheritPriorityAfterTimeout
                0x08007c00       0x30 ./Middlewares/Third_Party/FreeRTOS/Source/queue.o
 .text.prvCopyDataToQueue
                0x08007c30       0xd4 ./Middlewares/Third_Party/FreeRTOS/Source/queue.o
 .text.prvCopyDataFromQueue
                0x08007d04       0x4c ./Middlewares/Third_Party/FreeRTOS/Source/queue.o
 .text.prvUnlockQueue
                0x08007d50       0xa4 ./Middlewares/Third_Party/FreeRTOS/Source/queue.o
 .text.prvIsQueueEmpty
                0x08007df4       0x2c ./Middlewares/Third_Party/FreeRTOS/Source/queue.o
 .text.prvIsQueueFull
                0x08007e20       0x30 ./Middlewares/Third_Party/FreeRTOS/Source/queue.o
 .text.vQueueAddToRegistry
                0x08007e50       0x54 ./Middlewares/Third_Party/FreeRTOS/Source/queue.o
                0x08007e50                vQueueAddToRegistry
 .text.vQueueUnregisterQueue
                0x08007ea4       0x54 ./Middlewares/Third_Party/FreeRTOS/Source/queue.o
                0x08007ea4                vQueueUnregisterQueue
 .text.vQueueWaitForMessageRestricted
                0x08007ef8       0x68 ./Middlewares/Third_Party/FreeRTOS/Source/queue.o
                0x08007ef8                vQueueWaitForMessageRestricted
 .text.xTaskCreateStatic
                0x08007f60       0xc0 ./Middlewares/Third_Party/FreeRTOS/Source/tasks.o
                0x08007f60                xTaskCreateStatic
 .text.xTaskCreate
                0x08008020       0x8a ./Middlewares/Third_Party/FreeRTOS/Source/tasks.o
                0x08008020                xTaskCreate
 .text.prvInitialiseNewTask
                0x080080aa      0x120 ./Middlewares/Third_Party/FreeRTOS/Source/tasks.o
 *fill*         0x080081ca        0x2 
 .text.prvAddNewTaskToReadyList
                0x080081cc       0xe0 ./Middlewares/Third_Party/FreeRTOS/Source/tasks.o
 .text.vTaskDelete
                0x080082ac       0xe8 ./Middlewares/Third_Party/FreeRTOS/Source/tasks.o
                0x080082ac                vTaskDelete
 .text.vTaskDelay
                0x08008394       0x6c ./Middlewares/Third_Party/FreeRTOS/Source/tasks.o
                0x08008394                vTaskDelay
 .text.vTaskStartScheduler
                0x08008400       0xd0 ./Middlewares/Third_Party/FreeRTOS/Source/tasks.o
                0x08008400                vTaskStartScheduler
 .text.vTaskSuspendAll
                0x080084d0       0x1c ./Middlewares/Third_Party/FreeRTOS/Source/tasks.o
                0x080084d0                vTaskSuspendAll
 .text.xTaskResumeAll
                0x080084ec      0x13c ./Middlewares/Third_Party/FreeRTOS/Source/tasks.o
                0x080084ec                xTaskResumeAll
 .text.xTaskGetTickCount
                0x08008628       0x20 ./Middlewares/Third_Party/FreeRTOS/Source/tasks.o
                0x08008628                xTaskGetTickCount
 .text.xTaskIncrementTick
                0x08008648      0x174 ./Middlewares/Third_Party/FreeRTOS/Source/tasks.o
                0x08008648                xTaskIncrementTick
 .text.vTaskSwitchContext
                0x080087bc       0xbc ./Middlewares/Third_Party/FreeRTOS/Source/tasks.o
                0x080087bc                vTaskSwitchContext
 .text.vTaskPlaceOnEventList
                0x08008878       0x4c ./Middlewares/Third_Party/FreeRTOS/Source/tasks.o
                0x08008878                vTaskPlaceOnEventList
 .text.vTaskPlaceOnEventListRestricted
                0x080088c4       0x58 ./Middlewares/Third_Party/FreeRTOS/Source/tasks.o
                0x080088c4                vTaskPlaceOnEventListRestricted
 .text.xTaskRemoveFromEventList
                0x0800891c       0xc8 ./Middlewares/Third_Party/FreeRTOS/Source/tasks.o
                0x0800891c                xTaskRemoveFromEventList
 .text.vTaskRemoveFromUnorderedEventList
                0x080089e4       0xc8 ./Middlewares/Third_Party/FreeRTOS/Source/tasks.o
                0x080089e4                vTaskRemoveFromUnorderedEventList
 .text.vTaskInternalSetTimeOutState
                0x08008aac       0x2c ./Middlewares/Third_Party/FreeRTOS/Source/tasks.o
                0x08008aac                vTaskInternalSetTimeOutState
 .text.xTaskCheckForTimeOut
                0x08008ad8       0xc8 ./Middlewares/Third_Party/FreeRTOS/Source/tasks.o
                0x08008ad8                xTaskCheckForTimeOut
 .text.vTaskMissedYield
                0x08008ba0       0x18 ./Middlewares/Third_Party/FreeRTOS/Source/tasks.o
                0x08008ba0                vTaskMissedYield
 .text.prvIdleTask
                0x08008bb8       0x30 ./Middlewares/Third_Party/FreeRTOS/Source/tasks.o
 .text.prvInitialiseTaskLists
                0x08008be8       0x80 ./Middlewares/Third_Party/FreeRTOS/Source/tasks.o
 .text.prvCheckTasksWaitingTermination
                0x08008c68       0x5c ./Middlewares/Third_Party/FreeRTOS/Source/tasks.o
 .text.prvDeleteTCB
                0x08008cc4       0x60 ./Middlewares/Third_Party/FreeRTOS/Source/tasks.o
 .text.prvResetNextTaskUnblockTime
                0x08008d24       0x40 ./Middlewares/Third_Party/FreeRTOS/Source/tasks.o
 .text.xTaskGetCurrentTaskHandle
                0x08008d64       0x20 ./Middlewares/Third_Party/FreeRTOS/Source/tasks.o
                0x08008d64                xTaskGetCurrentTaskHandle
 .text.xTaskGetSchedulerState
                0x08008d84       0x3c ./Middlewares/Third_Party/FreeRTOS/Source/tasks.o
                0x08008d84                xTaskGetSchedulerState
 .text.xTaskPriorityInherit
                0x08008dc0       0xd0 ./Middlewares/Third_Party/FreeRTOS/Source/tasks.o
                0x08008dc0                xTaskPriorityInherit
 .text.xTaskPriorityDisinherit
                0x08008e90       0xe0 ./Middlewares/Third_Party/FreeRTOS/Source/tasks.o
                0x08008e90                xTaskPriorityDisinherit
 .text.vTaskPriorityDisinheritAfterTimeout
                0x08008f70      0x108 ./Middlewares/Third_Party/FreeRTOS/Source/tasks.o
                0x08008f70                vTaskPriorityDisinheritAfterTimeout
 .text.pvTaskIncrementMutexHeldCount
                0x08009078       0x28 ./Middlewares/Third_Party/FreeRTOS/Source/tasks.o
                0x08009078                pvTaskIncrementMutexHeldCount
 .text.ulTaskNotifyTake
                0x080090a0       0x90 ./Middlewares/Third_Party/FreeRTOS/Source/tasks.o
                0x080090a0                ulTaskNotifyTake
 .text.xTaskGenericNotify
                0x08009130      0x174 ./Middlewares/Third_Party/FreeRTOS/Source/tasks.o
                0x08009130                xTaskGenericNotify
 .text.vTaskNotifyGiveFromISR
                0x080092a4      0x128 ./Middlewares/Third_Party/FreeRTOS/Source/tasks.o
                0x080092a4                vTaskNotifyGiveFromISR
 .text.xTaskNotifyStateClear
                0x080093cc       0x4c ./Middlewares/Third_Party/FreeRTOS/Source/tasks.o
                0x080093cc                xTaskNotifyStateClear
 .text.prvAddCurrentTaskToDelayedList
                0x08009418       0xa8 ./Middlewares/Third_Party/FreeRTOS/Source/tasks.o
 .text.xTimerCreateTimerTask
                0x080094c0       0x94 ./Middlewares/Third_Party/FreeRTOS/Source/timers.o
                0x080094c0                xTimerCreateTimerTask
 .text.xTimerGenericCommand
                0x08009554       0x9c ./Middlewares/Third_Party/FreeRTOS/Source/timers.o
                0x08009554                xTimerGenericCommand
 .text.prvProcessExpiredTimer
                0x080095f0       0x9c ./Middlewares/Third_Party/FreeRTOS/Source/timers.o
 .text.prvTimerTask
                0x0800968c       0x26 ./Middlewares/Third_Party/FreeRTOS/Source/timers.o
 *fill*         0x080096b2        0x2 
 .text.prvProcessTimerOrBlockTask
                0x080096b4       0x9c ./Middlewares/Third_Party/FreeRTOS/Source/timers.o
 .text.prvGetNextExpireTime
                0x08009750       0x48 ./Middlewares/Third_Party/FreeRTOS/Source/timers.o
 .text.prvSampleTimeNow
                0x08009798       0x40 ./Middlewares/Third_Party/FreeRTOS/Source/timers.o
 .text.prvInsertTimerInActiveList
                0x080097d8       0x84 ./Middlewares/Third_Party/FreeRTOS/Source/timers.o
 .text.prvProcessReceivedCommands
                0x0800985c      0x1cc ./Middlewares/Third_Party/FreeRTOS/Source/timers.o
 .text.prvSwitchTimerLists
                0x08009a28       0xcc ./Middlewares/Third_Party/FreeRTOS/Source/timers.o
 .text.prvCheckForValidListAndQueue
                0x08009af4       0x80 ./Middlewares/Third_Party/FreeRTOS/Source/timers.o
 .text.xTimerPendFunctionCallFromISR
                0x08009b74       0x40 ./Middlewares/Third_Party/FreeRTOS/Source/timers.o
                0x08009b74                xTimerPendFunctionCallFromISR
 .text.pxPortInitialiseStack
                0x08009bb4       0x68 ./Middlewares/Third_Party/FreeRTOS/Source/portable/GCC/ARM_CM4F/port.o
                0x08009bb4                pxPortInitialiseStack
 .text.prvTaskExitError
                0x08009c1c       0x5c ./Middlewares/Third_Party/FreeRTOS/Source/portable/GCC/ARM_CM4F/port.o
 *fill*         0x08009c78        0x8 
 .text.SVC_Handler
                0x08009c80       0x28 ./Middlewares/Third_Party/FreeRTOS/Source/portable/GCC/ARM_CM4F/port.o
                0x08009c80                SVC_Handler
 .text.prvPortStartFirstTask
                0x08009ca8       0x28 ./Middlewares/Third_Party/FreeRTOS/Source/portable/GCC/ARM_CM4F/port.o
 .text.xPortStartScheduler
                0x08009cd0      0x148 ./Middlewares/Third_Party/FreeRTOS/Source/portable/GCC/ARM_CM4F/port.o
                0x08009cd0                xPortStartScheduler
 .text.vPortEnterCritical
                0x08009e18       0x64 ./Middlewares/Third_Party/FreeRTOS/Source/portable/GCC/ARM_CM4F/port.o
                0x08009e18                vPortEnterCritical
 .text.vPortExitCritical
                0x08009e7c       0x54 ./Middlewares/Third_Party/FreeRTOS/Source/portable/GCC/ARM_CM4F/port.o
                0x08009e7c                vPortExitCritical
 .text.PendSV_Handler
                0x08009ed0       0x68 ./Middlewares/Third_Party/FreeRTOS/Source/portable/GCC/ARM_CM4F/port.o
                0x08009ed0                PendSV_Handler
 .text.xPortSysTickHandler
                0x08009f38       0x44 ./Middlewares/Third_Party/FreeRTOS/Source/portable/GCC/ARM_CM4F/port.o
                0x08009f38                xPortSysTickHandler
 .text.vPortSetupTimerInterrupt
                0x08009f7c       0x48 ./Middlewares/Third_Party/FreeRTOS/Source/portable/GCC/ARM_CM4F/port.o
                0x08009f7c                vPortSetupTimerInterrupt
 .text.vPortEnableVFP
                0x08009fc4       0x14 ./Middlewares/Third_Party/FreeRTOS/Source/portable/GCC/ARM_CM4F/port.o
 .text.vPortValidateInterruptPriority
                0x08009fd8       0x84 ./Middlewares/Third_Party/FreeRTOS/Source/portable/GCC/ARM_CM4F/port.o
                0x08009fd8                vPortValidateInterruptPriority
 .text.pvPortMalloc
                0x0800a05c      0x19c ./Middlewares/Third_Party/FreeRTOS/Source/portable/MemMang/heap_4.o
                0x0800a05c                pvPortMalloc
 .text.vPortFree
                0x0800a1f8       0xc8 ./Middlewares/Third_Party/FreeRTOS/Source/portable/MemMang/heap_4.o
                0x0800a1f8                vPortFree
 .text.prvHeapInit
                0x0800a2c0       0xc4 ./Middlewares/Third_Party/FreeRTOS/Source/portable/MemMang/heap_4.o
 .text.prvInsertBlockIntoFreeList
                0x0800a384       0xb4 ./Middlewares/Third_Party/FreeRTOS/Source/portable/MemMang/heap_4.o
 .text._ZN3csp8internal10WaitingAltC2Ev
                0x0800a438       0x2e ./lib/CSP4CMSIS/src/alt_channel_sync.o
                0x0800a438                csp::internal::WaitingAlt::WaitingAlt()
                0x0800a438                csp::internal::WaitingAlt::WaitingAlt()
 .text._ZN3csp8internal10WaitingAlt3setEPNS0_12AltSchedulerEmPvj
                0x0800a466       0x32 ./lib/CSP4CMSIS/src/alt_channel_sync.o
                0x0800a466                csp::internal::WaitingAlt::set(csp::internal::AltScheduler*, unsigned long, void*, unsigned int)
 .text._ZN3csp8internal10WaitingAlt5clearEv
                0x0800a498       0x2c ./lib/CSP4CMSIS/src/alt_channel_sync.o
                0x0800a498                csp::internal::WaitingAlt::clear()
 .text._ZNK3csp8internal10WaitingAlt8isActiveEv
                0x0800a4c4       0x22 ./lib/CSP4CMSIS/src/alt_channel_sync.o
                0x0800a4c4                csp::internal::WaitingAlt::isActive() const
 .text._ZNK3csp8internal15AltChanSyncBase16hasReaderWaitingEv
                0x0800a4e6       0x2e ./lib/CSP4CMSIS/src/alt_channel_sync.o
                0x0800a4e6                csp::internal::AltChanSyncBase::hasReaderWaiting() const
 .text._ZNK3csp8internal15AltChanSyncBase16hasWriterWaitingEv
                0x0800a514       0x2e ./lib/CSP4CMSIS/src/alt_channel_sync.o
                0x0800a514                csp::internal::AltChanSyncBase::hasWriterWaiting() const
 .text._ZN3csp8internal15AltChanSyncBase15clearWaitingOutEv
                0x0800a542       0x20 ./lib/CSP4CMSIS/src/alt_channel_sync.o
                0x0800a542                csp::internal::AltChanSyncBase::clearWaitingOut()
 .text._ZNK3csp8internal15AltChanSyncBase19getNonAltOutDataPtrEv
                0x0800a562       0x18 ./lib/CSP4CMSIS/src/alt_channel_sync.o
                0x0800a562                csp::internal::AltChanSyncBase::getNonAltOutDataPtr() const
 .text._ZN3csp8internal15AltChanSyncBase15getWaitingInAltEv
                0x0800a57a       0x18 ./lib/CSP4CMSIS/src/alt_channel_sync.o
                0x0800a57a                csp::internal::AltChanSyncBase::getWaitingInAlt()
 .text._ZN3csp8internal15AltChanSyncBase16getWaitingOutAltEv
                0x0800a592       0x18 ./lib/CSP4CMSIS/src/alt_channel_sync.o
                0x0800a592                csp::internal::AltChanSyncBase::getWaitingOutAlt()
 *fill*         0x0800a5aa        0x2 
 .text._ZN3csp8internal15AltChanSyncBaseC2Ev
                0x0800a5ac       0x5c ./lib/CSP4CMSIS/src/alt_channel_sync.o
                0x0800a5ac                csp::internal::AltChanSyncBase::AltChanSyncBase()
                0x0800a5ac                csp::internal::AltChanSyncBase::AltChanSyncBase()
 .text._ZN3csp8internal15AltChanSyncBaseD2Ev
                0x0800a608       0x30 ./lib/CSP4CMSIS/src/alt_channel_sync.o
                0x0800a608                csp::internal::AltChanSyncBase::~AltChanSyncBase()
                0x0800a608                csp::internal::AltChanSyncBase::~AltChanSyncBase()
 .text._ZN3csp8internal15AltChanSyncBaseD0Ev
                0x0800a638       0x20 ./lib/CSP4CMSIS/src/alt_channel_sync.o
                0x0800a638                csp::internal::AltChanSyncBase::~AltChanSyncBase()
 .text._ZN3csp8internal15AltChanSyncBase12tryHandshakeEPvjb
                0x0800a658       0xfe ./lib/CSP4CMSIS/src/alt_channel_sync.o
                0x0800a658                csp::internal::AltChanSyncBase::tryHandshake(void*, unsigned int, bool)
 .text._ZN3csp8internal15AltChanSyncBase19registerWaitingTaskEPvb
                0x0800a756       0x3e ./lib/CSP4CMSIS/src/alt_channel_sync.o
                0x0800a756                csp::internal::AltChanSyncBase::registerWaitingTask(void*, bool)
 .text._ZN3csp8internal11ChanInGuard6enableEPNS0_12AltSchedulerEm
                0x0800a794       0x9a ./lib/CSP4CMSIS/src/alt_channel_sync.o
                0x0800a794                csp::internal::ChanInGuard::enable(csp::internal::AltScheduler*, unsigned long)
 .text._ZN3csp8internal11ChanInGuard8activateEv
                0x0800a82e       0xc8 ./lib/CSP4CMSIS/src/alt_channel_sync.o
                0x0800a82e                csp::internal::ChanInGuard::activate()
 .text._ZN3csp8internal11ChanInGuard7disableEv
                0x0800a8f6       0x70 ./lib/CSP4CMSIS/src/alt_channel_sync.o
                0x0800a8f6                csp::internal::ChanInGuard::disable()
 .text._ZN3csp8internal12ChanOutGuard6enableEPNS0_12AltSchedulerEm
                0x0800a966       0x9a ./lib/CSP4CMSIS/src/alt_channel_sync.o
                0x0800a966                csp::internal::ChanOutGuard::enable(csp::internal::AltScheduler*, unsigned long)
 .text._ZN3csp8internal12ChanOutGuard8activateEv
                0x0800aa00       0xc4 ./lib/CSP4CMSIS/src/alt_channel_sync.o
                0x0800aa00                csp::internal::ChanOutGuard::activate()
 .text._ZN3csp8internal12ChanOutGuard7disableEv
                0x0800aac4       0x70 ./lib/CSP4CMSIS/src/alt_channel_sync.o
                0x0800aac4                csp::internal::ChanOutGuard::disable()
 .text._ZN3csp8internal12AltScheduler6wakeUpEm
                0x0800ab34       0x80 ./lib/CSP4CMSIS/src/alternative.o
                0x0800ab34                csp::internal::AltScheduler::wakeUp(unsigned long)
 .text.ThreadFuncWrapper
                0x0800abb4       0x50 ./lib/CSP4CMSIS/src/csp_wrapper.o
                0x0800abb4                ThreadFuncWrapper
 .text._Znwj    0x0800ac04       0x18 ./lib/CSP4CMSIS/src/glue.o
                0x0800ac04                operator new(unsigned int)
 .text._ZdlPv   0x0800ac1c       0x16 ./lib/CSP4CMSIS/src/glue.o
                0x0800ac1c                operator delete(void*)
 .text._ZdlPvj  0x0800ac32        0x4 /opt/st/stm32cubeide_2.0.0/plugins/com.st.stm32cube.ide.mcu.externaltools.gnu-tools-for-stm32.13.3.rel1.linux64_1.0.100.202509120712/tools/bin/../lib/gcc/arm-none-eabi/13.3.1/../../../../arm-none-eabi/lib/thumb/v7e-m+fp/hard/libstdc++_nano.a(del_ops.o)
                0x0800ac32                operator delete(void*, unsigned int)
 .text.__cxa_guard_acquire
                0x0800ac36       0x18 /opt/st/stm32cubeide_2.0.0/plugins/com.st.stm32cube.ide.mcu.externaltools.gnu-tools-for-stm32.13.3.rel1.linux64_1.0.100.202509120712/tools/bin/../lib/gcc/arm-none-eabi/13.3.1/../../../../arm-none-eabi/lib/thumb/v7e-m+fp/hard/libstdc++_nano.a(guard.o)
                0x0800ac36                __cxa_guard_acquire
 .text.__cxa_guard_release
                0x0800ac4e        0x6 /opt/st/stm32cubeide_2.0.0/plugins/com.st.stm32cube.ide.mcu.externaltools.gnu-tools-for-stm32.13.3.rel1.linux64_1.0.100.202509120712/tools/bin/../lib/gcc/arm-none-eabi/13.3.1/../../../../arm-none-eabi/lib/thumb/v7e-m+fp/hard/libstdc++_nano.a(guard.o)
                0x0800ac4e                __cxa_guard_release
 .text.atexit   0x0800ac54        0xc /opt/st/stm32cubeide_2.0.0/plugins/com.st.stm32cube.ide.mcu.externaltools.gnu-tools-for-stm32.13.3.rel1.linux64_1.0.100.202509120712/tools/bin/../lib/gcc/arm-none-eabi/13.3.1/../../../../arm-none-eabi/lib/thumb/v7e-m+fp/hard/libc_nano.a(libc_a-atexit.o)
                0x0800ac54                atexit
 .text.std      0x0800ac60       0x6c /opt/st/stm32cubeide_2.0.0/plugins/com.st.stm32cube.ide.mcu.externaltools.gnu-tools-for-stm32.13.3.rel1.linux64_1.0.100.202509120712/tools/bin/../lib/gcc/arm-none-eabi/13.3.1/../../../../arm-none-eabi/lib/thumb/v7e-m+fp/hard/libc_nano.a(libc_a-findfp.o)
 .text.stdio_exit_handler