../Core/Src/main.c:89:5:_write	24	static
../Core/Src/main.c:101:5:main	8	static
../Core/Src/main.c:195:6:SystemClock_Config	96	static
../Core/Src/main.c:256:13:MX_DFSDM1_Init	8	static
../Core/Src/main.c:294:13:MX_I2C2_Init	8	static
../Core/Src/main.c:342:13:MX_QUADSPI_Init	8	static
../Core/Src/main.c:375:13:MX_SPI3_Init	8	static
../Core/Src/main.c:415:13:MX_USART1_UART_Init	8	static
../Core/Src/main.c:450:13:MX_USART3_UART_Init	8	static
../Core/Src/main.c:485:13:MX_USB_OTG_FS_PCD_Init	8	static
../Core/Src/main.c:520:13:MX_GPIO_Init	48	static
../Core/Src/main.c:719:6:StartDefaultTask	16	static
../Core/Src/main.c:738:6:HAL_TIM_PeriodElapsedCallback	16	static
../Core/Src/main.c:756:6:Error_Handler	4	static,ignoring_inline_asm
